[      52ms] [LOG] %c[Vercel Speed Insights]%c [vitals] color: rgb(120, 120, 120) color: inherit {speed: 4g, metrics: Array(3), scriptVersion: 0.1.3, sdkName: @vercel/speed-insights/react, sdkVersion: 1.2.0} /_vercel/speed-insights/vitals @ https://va.vercel-scripts.com/v1/speed-insights/script.debug.js:0
[      52ms] [LOG] %c[Vercel Speed Insights]%c [vitals] color: rgb(120, 120, 120) color: inherit {speed: 4g, metrics: Array(1), scriptVersion: 0.1.3, sdkName: @vercel/speed-insights/react, sdkVersion: 1.2.0} /_vercel/speed-insights/vitals @ https://va.vercel-scripts.com/v1/speed-insights/script.debug.js:0
[     114ms] [INFO] %cDownload the React DevTools for a better development experience: https://reactjs.org/link/react-devtools font-weight:bold @ http://localhost:3000/static/js/bundle.js:89343
[     125ms] [INFO] [INFO] Initializing authentication @ http://localhost:3000/static/js/bundle.js:140528
[     125ms] [LOG] [DEBUG] Retrieved auth data from localStorage null @ http://localhost:3000/static/js/bundle.js:140519
[     125ms] [LOG] [DEBUG] Access token retrieved: No token found @ http://localhost:3000/static/js/bundle.js:140519
[     125ms] [LOG] [DEBUG] No existing token found @ http://localhost:3000/static/js/bundle.js:140519
[     137ms] [LOG] CORS check response: 200 @ http://localhost:3000/static/js/bundle.js:138308
[     140ms] [LOG] DEBUG: Making GET request to /api/bikes {options: Object} @ http://localhost:3000/static/js/bundle.js:138513
[     140ms] [LOG] Getting best available access token @ http://localhost:3000/static/js/bundle.js:140876
[     140ms] [WARNING] ⚠️ React Router Future Flag Warning: React Router will begin wrapping state updates in `React.startTransition` in v7. You can use the `v7_startTransition` future flag to opt-in early. For more information, see https://reactrouter.com/v6/upgrading/future#v7_starttransition. @ http://localhost:3000/static/js/bundle.js:92845
[     140ms] [WARNING] ⚠️ React Router Future Flag Warning: Relative route resolution within Splat routes is changing in v7. You can use the `v7_relativeSplatPath` future flag to opt-in early. For more information, see https://reactrouter.com/v6/upgrading/future#v7_relativesplatpath. @ http://localhost:3000/static/js/bundle.js:92845
[     140ms] [INFO] [INFO] Initializing authentication @ http://localhost:3000/static/js/bundle.js:140528
[     140ms] [LOG] [DEBUG] Retrieved auth data from localStorage null @ http://localhost:3000/static/js/bundle.js:140519
[     140ms] [LOG] [DEBUG] Access token retrieved: No token found @ http://localhost:3000/static/js/bundle.js:140519
[     140ms] [LOG] [DEBUG] No existing token found @ http://localhost:3000/static/js/bundle.js:140519
[     140ms] [LOG] [DEBUG] Getting current user information @ http://localhost:3000/static/js/bundle.js:140519
[     140ms] [LOG] [DEBUG] Retrieved auth data from localStorage null @ http://localhost:3000/static/js/bundle.js:140519
[     140ms] [LOG] [DEBUG] Access token retrieved: No token found @ http://localhost:3000/static/js/bundle.js:140519
[     140ms] [LOG] [DEBUG] No access token available, user not logged in @ http://localhost:3000/static/js/bundle.js:140519
[     140ms] [LOG] DEBUG: Making GET request to /api/bikes {options: Object} @ http://localhost:3000/static/js/bundle.js:138513
[     141ms] [LOG] Getting best available access token @ http://localhost:3000/static/js/bundle.js:140876
[     141ms] [INFO] [INFO] Initializing authentication @ http://localhost:3000/static/js/bundle.js:140528
[     141ms] [LOG] [DEBUG] Retrieved auth data from localStorage null @ http://localhost:3000/static/js/bundle.js:140519
[     141ms] [LOG] [DEBUG] Access token retrieved: No token found @ http://localhost:3000/static/js/bundle.js:140519
[     141ms] [LOG] [DEBUG] No existing token found @ http://localhost:3000/static/js/bundle.js:140519
[     141ms] [LOG] [DEBUG] Getting current user information @ http://localhost:3000/static/js/bundle.js:140519
[     141ms] [LOG] [DEBUG] Retrieved auth data from localStorage null @ http://localhost:3000/static/js/bundle.js:140519
[     141ms] [LOG] [DEBUG] Access token retrieved: No token found @ http://localhost:3000/static/js/bundle.js:140519
[     141ms] [LOG] [DEBUG] No access token available, user not logged in @ http://localhost:3000/static/js/bundle.js:140519
[     141ms] [LOG] Syncing auth state with Supabase @ http://localhost:3000/static/js/bundle.js:135122
[     141ms] [LOG] [DEBUG] Getting current user information @ http://localhost:3000/static/js/bundle.js:140519
[     141ms] [LOG] [DEBUG] Retrieved auth data from localStorage null @ http://localhost:3000/static/js/bundle.js:140519
[     141ms] [LOG] [DEBUG] Access token retrieved: No token found @ http://localhost:3000/static/js/bundle.js:140519
[     141ms] [LOG] [DEBUG] No access token available, user not logged in @ http://localhost:3000/static/js/bundle.js:140519
[     141ms] [LOG] Syncing auth state with Supabase @ http://localhost:3000/static/js/bundle.js:135122
[     141ms] [LOG] [DEBUG] Getting current user information @ http://localhost:3000/static/js/bundle.js:140519
[     141ms] [LOG] [DEBUG] Retrieved auth data from localStorage null @ http://localhost:3000/static/js/bundle.js:140519
[     141ms] [LOG] [DEBUG] Access token retrieved: No token found @ http://localhost:3000/static/js/bundle.js:140519
[     141ms] [LOG] [DEBUG] No access token available, user not logged in @ http://localhost:3000/static/js/bundle.js:140519
[     146ms] [LOG] %c[Vercel Web Analytics]%c Debug mode is enabled by default in development. No requests will be sent to the server. color: rgb(120, 120, 120) color: inherit @ https://va.vercel-scripts.com/v1/script.debug.js:0
[     147ms] [LOG] %c[Vercel Web Analytics]%c [view] http://localhost:3000/bikes color: rgb(120, 120, 120) color: inherit {o: http://localhost:3000/bikes, sv: 0.1.3, sdkn: @vercel/analytics/react, sdkv: 1.5.0, ts: 1775561171197} /_vercel/insights/view @ https://va.vercel-scripts.com/v1/script.debug.js:0
[     147ms] [LOG] %c[Vercel Speed Insights]%c Debug mode is enabled by default in development. No requests will be sent to the server. color: rgb(120, 120, 120) color: inherit @ https://va.vercel-scripts.com/v1/speed-insights/script.debug.js:0
[     170ms] [LOG] Supabase auth state changed: INITIAL_SESSION @ http://localhost:3000/static/js/bundle.js:135326
[     170ms] [LOG] Supabase session check result: {hasSession: false, hasUser: false, error: none, accessToken: missing} @ http://localhost:3000/static/js/bundle.js:135152
[     170ms] [LOG] No session or user found in context @ http://localhost:3000/static/js/bundle.js:135240
[     171ms] [LOG] Supabase session check result: {hasSession: false, hasUser: false, error: none, accessToken: missing} @ http://localhost:3000/static/js/bundle.js:135152
[     171ms] [LOG] No session or user found in context @ http://localhost:3000/static/js/bundle.js:135240
[     171ms] [LOG] No valid token found, redirecting to login... @ http://localhost:3000/static/js/bundle.js:140919
[     171ms] [ERROR] No authentication token available - user might not be logged in @ http://localhost:3000/static/js/bundle.js:138350
[     171ms] [ERROR] API request to /api/bikes failed: Error: Authentication failed. Please log in again.
    at Object.request (http://localhost:3000/static/js/bundle.js:138354:23)
    at async Object.get (http://localhost:3000/static/js/bundle.js:138518:22)
    at async fetchBikes (http://localhost:3000/static/js/bundle.js:108745:26) @ http://localhost:3000/static/js/bundle.js:138502
[     171ms] [ERROR] DEBUG: GET request to /api/bikes failed: Error: Authentication failed. Please log in again.
    at Object.request (http://localhost:3000/static/js/bundle.js:138354:23)
    at async Object.get (http://localhost:3000/static/js/bundle.js:138518:22)
    at async fetchBikes (http://localhost:3000/static/js/bundle.js:108745:26) @ http://localhost:3000/static/js/bundle.js:138526
[     171ms] [ERROR] Error fetching bikes: Error: Authentication failed. Please log in again.
    at Object.request (http://localhost:3000/static/js/bundle.js:138354:23)
    at async Object.get (http://localhost:3000/static/js/bundle.js:138518:22)
    at async fetchBikes (http://localhost:3000/static/js/bundle.js:108745:26) @ http://localhost:3000/static/js/bundle.js:108752
[     172ms] [LOG] No valid token found, redirecting to login... @ http://localhost:3000/static/js/bundle.js:140919
[     172ms] [ERROR] No authentication token available - user might not be logged in @ http://localhost:3000/static/js/bundle.js:138350
[     172ms] [ERROR] API request to /api/bikes failed: Error: Authentication failed. Please log in again.
    at Object.request (http://localhost:3000/static/js/bundle.js:138354:23)
    at async Object.get (http://localhost:3000/static/js/bundle.js:138518:22)
    at async fetchBikes (http://localhost:3000/static/js/bundle.js:108745:26) @ http://localhost:3000/static/js/bundle.js:138502
[     172ms] [ERROR] DEBUG: GET request to /api/bikes failed: Error: Authentication failed. Please log in again.
    at Object.request (http://localhost:3000/static/js/bundle.js:138354:23)
    at async Object.get (http://localhost:3000/static/js/bundle.js:138518:22)
    at async fetchBikes (http://localhost:3000/static/js/bundle.js:108745:26) @ http://localhost:3000/static/js/bundle.js:138526
[     172ms] [ERROR] Error fetching bikes: Error: Authentication failed. Please log in again.
    at Object.request (http://localhost:3000/static/js/bundle.js:138354:23)
    at async Object.get (http://localhost:3000/static/js/bundle.js:138518:22)
    at async fetchBikes (http://localhost:3000/static/js/bundle.js:108745:26) @ http://localhost:3000/static/js/bundle.js:108752
[     226ms] [LOG] %c[Vercel Speed Insights]%c [vitals] color: rgb(120, 120, 120) color: inherit {speed: 4g, metrics: Array(3), scriptVersion: 0.1.3, sdkName: @vercel/speed-insights/react, sdkVersion: 1.2.0} /_vercel/speed-insights/vitals @ https://va.vercel-scripts.com/v1/speed-insights/script.debug.js:0
[     226ms] [LOG] %c[Vercel Speed Insights]%c [vitals] color: rgb(120, 120, 120) color: inherit {speed: 4g, metrics: Array(1), scriptVersion: 0.1.3, sdkName: @vercel/speed-insights/react, sdkVersion: 1.2.0} /_vercel/speed-insights/vitals @ https://va.vercel-scripts.com/v1/speed-insights/script.debug.js:0
[     234ms] [INFO] %cDownload the React DevTools for a better development experience: https://reactjs.org/link/react-devtools font-weight:bold @ http://localhost:3000/static/js/bundle.js:89343
[     245ms] [INFO] [INFO] Initializing authentication @ http://localhost:3000/static/js/bundle.js:140528
[     245ms] [LOG] [DEBUG] Retrieved auth data from localStorage null @ http://localhost:3000/static/js/bundle.js:140519
[     245ms] [LOG] [DEBUG] Access token retrieved: No token found @ http://localhost:3000/static/js/bundle.js:140519
[     245ms] [LOG] [DEBUG] No existing token found @ http://localhost:3000/static/js/bundle.js:140519
[     247ms] [LOG] CORS check response: 200 @ http://localhost:3000/static/js/bundle.js:138308
[     249ms] [WARNING] ⚠️ React Router Future Flag Warning: React Router will begin wrapping state updates in `React.startTransition` in v7. You can use the `v7_startTransition` future flag to opt-in early. For more information, see https://reactrouter.com/v6/upgrading/future#v7_starttransition. @ http://localhost:3000/static/js/bundle.js:92845
[     249ms] [WARNING] ⚠️ React Router Future Flag Warning: Relative route resolution within Splat routes is changing in v7. You can use the `v7_relativeSplatPath` future flag to opt-in early. For more information, see https://reactrouter.com/v6/upgrading/future#v7_relativesplatpath. @ http://localhost:3000/static/js/bundle.js:92845
[     249ms] [INFO] [INFO] Initializing authentication @ http://localhost:3000/static/js/bundle.js:140528
[     249ms] [LOG] [DEBUG] Retrieved auth data from localStorage null @ http://localhost:3000/static/js/bundle.js:140519
[     249ms] [LOG] [DEBUG] Access token retrieved: No token found @ http://localhost:3000/static/js/bundle.js:140519
[     249ms] [LOG] [DEBUG] No existing token found @ http://localhost:3000/static/js/bundle.js:140519
[     249ms] [LOG] [DEBUG] Getting current user information @ http://localhost:3000/static/js/bundle.js:140519
[     249ms] [LOG] [DEBUG] Retrieved auth data from localStorage null @ http://localhost:3000/static/js/bundle.js:140519
[     249ms] [LOG] [DEBUG] Access token retrieved: No token found @ http://localhost:3000/static/js/bundle.js:140519
[     249ms] [LOG] [DEBUG] No access token available, user not logged in @ http://localhost:3000/static/js/bundle.js:140519
[     250ms] [INFO] [INFO] Initializing authentication @ http://localhost:3000/static/js/bundle.js:140528
[     250ms] [LOG] [DEBUG] Retrieved auth data from localStorage null @ http://localhost:3000/static/js/bundle.js:140519
[     250ms] [LOG] [DEBUG] Access token retrieved: No token found @ http://localhost:3000/static/js/bundle.js:140519
[     250ms] [LOG] [DEBUG] No existing token found @ http://localhost:3000/static/js/bundle.js:140519
[     250ms] [LOG] [DEBUG] Getting current user information @ http://localhost:3000/static/js/bundle.js:140519
[     250ms] [LOG] [DEBUG] Retrieved auth data from localStorage null @ http://localhost:3000/static/js/bundle.js:140519
[     250ms] [LOG] [DEBUG] Access token retrieved: No token found @ http://localhost:3000/static/js/bundle.js:140519
[     250ms] [LOG] [DEBUG] No access token available, user not logged in @ http://localhost:3000/static/js/bundle.js:140519
[     250ms] [LOG] Syncing auth state with Supabase @ http://localhost:3000/static/js/bundle.js:135122
[     250ms] [LOG] [DEBUG] Getting current user information @ http://localhost:3000/static/js/bundle.js:140519
[     250ms] [LOG] [DEBUG] Retrieved auth data from localStorage null @ http://localhost:3000/static/js/bundle.js:140519
[     250ms] [LOG] [DEBUG] Access token retrieved: No token found @ http://localhost:3000/static/js/bundle.js:140519
[     250ms] [LOG] [DEBUG] No access token available, user not logged in @ http://localhost:3000/static/js/bundle.js:140519
[     250ms] [LOG] Syncing auth state with Supabase @ http://localhost:3000/static/js/bundle.js:135122
[     250ms] [LOG] [DEBUG] Getting current user information @ http://localhost:3000/static/js/bundle.js:140519
[     250ms] [LOG] [DEBUG] Retrieved auth data from localStorage null @ http://localhost:3000/static/js/bundle.js:140519
[     250ms] [LOG] [DEBUG] Access token retrieved: No token found @ http://localhost:3000/static/js/bundle.js:140519
[     250ms] [LOG] [DEBUG] No access token available, user not logged in @ http://localhost:3000/static/js/bundle.js:140519
[     254ms] [LOG] %c[Vercel Web Analytics]%c Debug mode is enabled by default in development. No requests will be sent to the server. color: rgb(120, 120, 120) color: inherit @ https://va.vercel-scripts.com/v1/script.debug.js:0
[     254ms] [LOG] %c[Vercel Web Analytics]%c [view] http://localhost:3000/login color: rgb(120, 120, 120) color: inherit {o: http://localhost:3000/login, sv: 0.1.3, sdkn: @vercel/analytics/react, sdkv: 1.5.0, ts: 1775561171304} /_vercel/insights/view @ https://va.vercel-scripts.com/v1/script.debug.js:0
[     254ms] [LOG] %c[Vercel Speed Insights]%c Debug mode is enabled by default in development. No requests will be sent to the server. color: rgb(120, 120, 120) color: inherit @ https://va.vercel-scripts.com/v1/speed-insights/script.debug.js:0
[     277ms] [LOG] Supabase auth state changed: INITIAL_SESSION @ http://localhost:3000/static/js/bundle.js:135326
[     277ms] [LOG] Supabase session check result: {hasSession: false, hasUser: false, error: none, accessToken: missing} @ http://localhost:3000/static/js/bundle.js:135152
[     277ms] [LOG] No session or user found in context @ http://localhost:3000/static/js/bundle.js:135240
[     277ms] [LOG] Supabase session check result: {hasSession: false, hasUser: false, error: none, accessToken: missing} @ http://localhost:3000/static/js/bundle.js:135152
[     278ms] [LOG] No session or user found in context @ http://localhost:3000/static/js/bundle.js:135240
