[      60ms] [LOG] %c[Vercel Speed Insights]%c [vitals] color: rgb(120, 120, 120) color: inherit {speed: 4g, metrics: Array(3), scriptVersion: 0.1.3, sdkName: @vercel/speed-insights/react, sdkVersion: 1.2.0} /_vercel/speed-insights/vitals @ https://va.vercel-scripts.com/v1/speed-insights/script.debug.js:0
[      60ms] [LOG] %c[Vercel Speed Insights]%c [vitals] color: rgb(120, 120, 120) color: inherit {speed: 4g, metrics: Array(1), scriptVersion: 0.1.3, sdkName: @vercel/speed-insights/react, sdkVersion: 1.2.0} /_vercel/speed-insights/vitals @ https://va.vercel-scripts.com/v1/speed-insights/script.debug.js:0
[     195ms] [INFO] %cDownload the React DevTools for a better development experience: https://reactjs.org/link/react-devtools font-weight:bold @ http://localhost:3000/static/js/bundle.js:87305
[     213ms] [INFO] [INFO] Initializing authentication @ http://localhost:3000/static/js/bundle.js:138563
[     213ms] [LOG] [DEBUG] Retrieved auth data from localStorage null @ http://localhost:3000/static/js/bundle.js:138554
[     213ms] [LOG] [DEBUG] Access token retrieved: No token found @ http://localhost:3000/static/js/bundle.js:138554
[     213ms] [LOG] [DEBUG] No existing token found @ http://localhost:3000/static/js/bundle.js:138554
[     216ms] [LOG] CORS check response: 200 @ http://localhost:3000/static/js/bundle.js:136343
[     229ms] [WARNING] ⚠️ React Router Future Flag Warning: React Router will begin wrapping state updates in `React.startTransition` in v7. You can use the `v7_startTransition` future flag to opt-in early. For more information, see https://reactrouter.com/v6/upgrading/future#v7_starttransition. @ http://localhost:3000/static/js/bundle.js:90807
[     229ms] [WARNING] ⚠️ React Router Future Flag Warning: Relative route resolution within Splat routes is changing in v7. You can use the `v7_relativeSplatPath` future flag to opt-in early. For more information, see https://reactrouter.com/v6/upgrading/future#v7_relativesplatpath. @ http://localhost:3000/static/js/bundle.js:90807
[     229ms] [INFO] [INFO] Initializing authentication @ http://localhost:3000/static/js/bundle.js:138563
[     229ms] [LOG] [DEBUG] Retrieved auth data from localStorage null @ http://localhost:3000/static/js/bundle.js:138554
[     229ms] [LOG] [DEBUG] Access token retrieved: No token found @ http://localhost:3000/static/js/bundle.js:138554
[     229ms] [LOG] [DEBUG] No existing token found @ http://localhost:3000/static/js/bundle.js:138554
[     229ms] [LOG] [DEBUG] Getting current user information @ http://localhost:3000/static/js/bundle.js:138554
[     229ms] [LOG] [DEBUG] Retrieved auth data from localStorage null @ http://localhost:3000/static/js/bundle.js:138554
[     229ms] [LOG] [DEBUG] Access token retrieved: No token found @ http://localhost:3000/static/js/bundle.js:138554
[     229ms] [LOG] [DEBUG] No access token available, user not logged in @ http://localhost:3000/static/js/bundle.js:138554
[     229ms] [INFO] [INFO] Initializing authentication @ http://localhost:3000/static/js/bundle.js:138563
[     229ms] [LOG] [DEBUG] Retrieved auth data from localStorage null @ http://localhost:3000/static/js/bundle.js:138554
[     229ms] [LOG] [DEBUG] Access token retrieved: No token found @ http://localhost:3000/static/js/bundle.js:138554
[     229ms] [LOG] [DEBUG] No existing token found @ http://localhost:3000/static/js/bundle.js:138554
[     229ms] [LOG] [DEBUG] Getting current user information @ http://localhost:3000/static/js/bundle.js:138554
[     229ms] [LOG] [DEBUG] Retrieved auth data from localStorage null @ http://localhost:3000/static/js/bundle.js:138554
[     229ms] [LOG] [DEBUG] Access token retrieved: No token found @ http://localhost:3000/static/js/bundle.js:138554
[     229ms] [LOG] [DEBUG] No access token available, user not logged in @ http://localhost:3000/static/js/bundle.js:138554
[     229ms] [LOG] [DEBUG] Starting Request {url: http://localhost:8000/api/cars/36b92588-5dcf-4c75-9c4f-20cb6f980e41, method: get, headers: AxiosHeaders, data: undefined} @ http://localhost:3000/static/js/bundle.js:138554
[     230ms] [LOG] Syncing auth state with Supabase @ http://localhost:3000/static/js/bundle.js:133264
[     230ms] [LOG] [DEBUG] Getting current user information @ http://localhost:3000/static/js/bundle.js:138554
[     230ms] [LOG] [DEBUG] Retrieved auth data from localStorage null @ http://localhost:3000/static/js/bundle.js:138554
[     230ms] [LOG] [DEBUG] Access token retrieved: No token found @ http://localhost:3000/static/js/bundle.js:138554
[     230ms] [LOG] [DEBUG] No access token available, user not logged in @ http://localhost:3000/static/js/bundle.js:138554
[     230ms] [LOG] [DEBUG] Starting Request {url: http://localhost:8000/api/cars/36b92588-5dcf-4c75-9c4f-20cb6f980e41, method: get, headers: AxiosHeaders, data: undefined} @ http://localhost:3000/static/js/bundle.js:138554
[     230ms] [LOG] Syncing auth state with Supabase @ http://localhost:3000/static/js/bundle.js:133264
[     230ms] [LOG] [DEBUG] Getting current user information @ http://localhost:3000/static/js/bundle.js:138554
[     230ms] [LOG] [DEBUG] Retrieved auth data from localStorage null @ http://localhost:3000/static/js/bundle.js:138554
[     230ms] [LOG] [DEBUG] Access token retrieved: No token found @ http://localhost:3000/static/js/bundle.js:138554
[     230ms] [LOG] [DEBUG] No access token available, user not logged in @ http://localhost:3000/static/js/bundle.js:138554
[     231ms] [LOG] %c[Vercel Web Analytics]%c Debug mode is enabled by default in development. No requests will be sent to the server. color: rgb(120, 120, 120) color: inherit @ https://va.vercel-scripts.com/v1/script.debug.js:0
[     232ms] [LOG] %c[Vercel Web Analytics]%c [view] http://localhost:3000/cars/36b92588-5dcf-4c75-9c4f-20cb6f980e41 color: rgb(120, 120, 120) color: inherit {o: http://localhost:3000/cars/36b92588-5dcf-4c75-9c4f-20cb6f980e41, sv: 0.1.3, sdkn: @vercel/analytics/react, sdkv: 1.5.0, ts: 1775556415185} /_vercel/insights/view @ https://va.vercel-scripts.com/v1/script.debug.js:0
[     232ms] [LOG] Supabase auth state changed: INITIAL_SESSION @ http://localhost:3000/static/js/bundle.js:133468
[     232ms] [LOG] %c[Vercel Speed Insights]%c Debug mode is enabled by default in development. No requests will be sent to the server. color: rgb(120, 120, 120) color: inherit @ https://va.vercel-scripts.com/v1/speed-insights/script.debug.js:0
[     232ms] [LOG] Supabase session check result: {hasSession: false, hasUser: false, error: none, accessToken: missing} @ http://localhost:3000/static/js/bundle.js:133294
[     232ms] [LOG] No session or user found in context @ http://localhost:3000/static/js/bundle.js:133382
[     234ms] [LOG] Supabase session check result: {hasSession: false, hasUser: false, error: none, accessToken: missing} @ http://localhost:3000/static/js/bundle.js:133294
[     234ms] [LOG] No session or user found in context @ http://localhost:3000/static/js/bundle.js:133382
[    1222ms] [LOG] [DEBUG] Response: {status: 200, headers: AxiosHeaders, data: Object} @ http://localhost:3000/static/js/bundle.js:138554
[    1222ms] [LOG] [DEBUG] Starting Request {url: http://localhost:8000/api/cars/36b92588-5dcf-4c75-9c4f-20cb6f980e41/view, method: post, headers: AxiosHeaders, data: undefined} @ http://localhost:3000/static/js/bundle.js:138554
[    6542ms] [ERROR] Failed to load resource: the server responded with a status of 400 (BAD REQUEST) @ http://localhost:8000/api/cars/36b92588-5dcf-4c75-9c4f-20cb6f980e41/view:0
[    6543ms] [ERROR] [ERROR] Response Error: {message: Request failed with status code 400, status: 400, data: Object} @ http://localhost:3000/static/js/bundle.js:138578
[    6544ms] [WARNING] Failed to track view: AxiosError @ http://localhost:3000/static/js/bundle.js:107897
[   41664ms] [LOG] [DEBUG] Starting Request {url: http://localhost:8000/api/cars/36b92588-5dcf-4c75-9c4f-20cb6f980e41, method: get, headers: AxiosHeaders, data: undefined} @ http://localhost:3000/static/js/bundle.js:138554
[   44883ms] [LOG] [DEBUG] Response: {status: 200, headers: AxiosHeaders, data: Object} @ http://localhost:3000/static/js/bundle.js:138554
[   44883ms] [LOG] [DEBUG] Starting Request {url: http://localhost:8000/api/cars/36b92588-5dcf-4c75-9c4f-20cb6f980e41/view, method: post, headers: AxiosHeaders, data: undefined} @ http://localhost:3000/static/js/bundle.js:138554
[   45742ms] [LOG] [DEBUG] Response: {status: 200, headers: AxiosHeaders, data: Object} @ http://localhost:3000/static/js/bundle.js:138554
[   45934ms] [LOG] [DEBUG] Response: {status: 200, headers: AxiosHeaders, data: Object} @ http://localhost:3000/static/js/bundle.js:138554
