[      58ms] [LOG] %c[Vercel Speed Insights]%c [vitals] color: rgb(120, 120, 120) color: inherit {speed: 4g, metrics: Array(3), scriptVersion: 0.1.3, sdkName: @vercel/speed-insights/react, sdkVersion: 1.2.0} /_vercel/speed-insights/vitals @ https://va.vercel-scripts.com/v1/speed-insights/script.debug.js:0
[      59ms] [LOG] %c[Vercel Speed Insights]%c [vitals] color: rgb(120, 120, 120) color: inherit {speed: 4g, metrics: Array(1), scriptVersion: 0.1.3, sdkName: @vercel/speed-insights/react, sdkVersion: 1.2.0} /_vercel/speed-insights/vitals @ https://va.vercel-scripts.com/v1/speed-insights/script.debug.js:0
[     223ms] [INFO] %cDownload the React DevTools for a better development experience: https://reactjs.org/link/react-devtools font-weight:bold @ http://localhost:3000/static/js/bundle.js:90005
[     246ms] [INFO] [INFO] Initializing authentication @ http://localhost:3000/static/js/bundle.js:141223
[     246ms] [LOG] [DEBUG] Retrieved auth data from localStorage {access_token: [REDACTED], expires_at: 1775564785, expires_in: 3600, refresh_token: xeevk3f65hzm, token_type: bearer} @ http://localhost:3000/static/js/bundle.js:141214
[     247ms] [LOG] [DEBUG] Access token retrieved: [REDACTED TOKEN PRESENT] @ http://localhost:3000/static/js/bundle.js:141214
[     247ms] [LOG] [DEBUG] Found existing token, setting auth header @ http://localhost:3000/static/js/bundle.js:141214
[     247ms] [LOG] [DEBUG] Setting Authorization header with token @ http://localhost:3000/static/js/bundle.js:141214
[     247ms] [LOG] [DEBUG] Retrieved auth data from localStorage {access_token: [REDACTED], expires_at: 1775564785, expires_in: 3600, refresh_token: xeevk3f65hzm, token_type: bearer} @ http://localhost:3000/static/js/bundle.js:141214
[     247ms] [LOG] [DEBUG] Saving auth data to localStorage {access_token: [REDACTED], expires_at: 1775564785, expires_in: 3600, refresh_token: xeevk3f65hzm, token_type: bearer} @ http://localhost:3000/static/js/bundle.js:141214
[     250ms] [LOG] CORS check response: 200 @ http://localhost:3000/static/js/bundle.js:139003
[     263ms] [LOG] Diagnostic info: {apiClientType: object, getMethodExists: true, apiClientKeys: request, get, post, put, delete, userLoggedIn: false, userEmail: Not logged in} @ http://localhost:3000/static/js/bundle.js:123147
[     263ms] [LOG] Fetching plates from API... @ http://localhost:3000/static/js/bundle.js:123148
[     263ms] [WARNING] ⚠️ React Router Future Flag Warning: React Router will begin wrapping state updates in `React.startTransition` in v7. You can use the `v7_startTransition` future flag to opt-in early. For more information, see https://reactrouter.com/v6/upgrading/future#v7_starttransition. @ http://localhost:3000/static/js/bundle.js:93507
[     264ms] [WARNING] ⚠️ React Router Future Flag Warning: Relative route resolution within Splat routes is changing in v7. You can use the `v7_relativeSplatPath` future flag to opt-in early. For more information, see https://reactrouter.com/v6/upgrading/future#v7_relativesplatpath. @ http://localhost:3000/static/js/bundle.js:93507
[     264ms] [INFO] [INFO] Initializing authentication @ http://localhost:3000/static/js/bundle.js:141223
[     264ms] [LOG] [DEBUG] Retrieved auth data from localStorage {access_token: [REDACTED], expires_at: 1775564785, expires_in: 3600, refresh_token: xeevk3f65hzm, token_type: bearer} @ http://localhost:3000/static/js/bundle.js:141214
[     264ms] [LOG] [DEBUG] Access token retrieved: [REDACTED TOKEN PRESENT] @ http://localhost:3000/static/js/bundle.js:141214
[     264ms] [LOG] [DEBUG] Found existing token, setting auth header @ http://localhost:3000/static/js/bundle.js:141214
[     264ms] [LOG] [DEBUG] Setting Authorization header with token @ http://localhost:3000/static/js/bundle.js:141214
[     264ms] [LOG] [DEBUG] Retrieved auth data from localStorage {access_token: [REDACTED], expires_at: 1775564785, expires_in: 3600, refresh_token: xeevk3f65hzm, token_type: bearer} @ http://localhost:3000/static/js/bundle.js:141214
[     264ms] [LOG] [DEBUG] Saving auth data to localStorage {access_token: [REDACTED], expires_at: 1775564785, expires_in: 3600, refresh_token: xeevk3f65hzm, token_type: bearer} @ http://localhost:3000/static/js/bundle.js:141214
[     264ms] [LOG] [DEBUG] Getting current user information @ http://localhost:3000/static/js/bundle.js:141214
[     264ms] [LOG] [DEBUG] Retrieved auth data from localStorage {access_token: [REDACTED], expires_at: 1775564785, expires_in: 3600, refresh_token: xeevk3f65hzm, token_type: bearer} @ http://localhost:3000/static/js/bundle.js:141214
[     264ms] [LOG] [DEBUG] Access token retrieved: [REDACTED TOKEN PRESENT] @ http://localhost:3000/static/js/bundle.js:141214
[     264ms] [LOG] [DEBUG] Sending request to http://localhost:8000/api/auth/me with token @ http://localhost:3000/static/js/bundle.js:141214
[     265ms] [LOG] Diagnostic info: {apiClientType: object, getMethodExists: true, apiClientKeys: request, get, post, put, delete, userLoggedIn: false, userEmail: Not logged in} @ http://localhost:3000/static/js/bundle.js:123147
[     265ms] [LOG] Fetching plates from API... @ http://localhost:3000/static/js/bundle.js:123148
[     265ms] [INFO] [INFO] Initializing authentication @ http://localhost:3000/static/js/bundle.js:141223
[     266ms] [LOG] [DEBUG] Retrieved auth data from localStorage {access_token: [REDACTED], expires_at: 1775564785, expires_in: 3600, refresh_token: xeevk3f65hzm, token_type: bearer} @ http://localhost:3000/static/js/bundle.js:141214
[     266ms] [LOG] [DEBUG] Access token retrieved: [REDACTED TOKEN PRESENT] @ http://localhost:3000/static/js/bundle.js:141214
[     266ms] [LOG] [DEBUG] Found existing token, setting auth header @ http://localhost:3000/static/js/bundle.js:141214
[     266ms] [LOG] [DEBUG] Setting Authorization header with token @ http://localhost:3000/static/js/bundle.js:141214
[     266ms] [LOG] [DEBUG] Retrieved auth data from localStorage {access_token: [REDACTED], expires_at: 1775564785, expires_in: 3600, refresh_token: xeevk3f65hzm, token_type: bearer} @ http://localhost:3000/static/js/bundle.js:141214
[     266ms] [LOG] [DEBUG] Saving auth data to localStorage {access_token: [REDACTED], expires_at: 1775564785, expires_in: 3600, refresh_token: xeevk3f65hzm, token_type: bearer} @ http://localhost:3000/static/js/bundle.js:141214
[     266ms] [LOG] [DEBUG] Getting current user information @ http://localhost:3000/static/js/bundle.js:141214
[     266ms] [LOG] [DEBUG] Retrieved auth data from localStorage {access_token: [REDACTED], expires_at: 1775564785, expires_in: 3600, refresh_token: xeevk3f65hzm, token_type: bearer} @ http://localhost:3000/static/js/bundle.js:141214
[     266ms] [LOG] [DEBUG] Access token retrieved: [REDACTED TOKEN PRESENT] @ http://localhost:3000/static/js/bundle.js:141214
[     266ms] [LOG] [DEBUG] Sending request to http://localhost:8000/api/auth/me with token @ http://localhost:3000/static/js/bundle.js:141214
[     267ms] [LOG] [DEBUG] Starting Request {url: http://localhost:8000/api/auth/me, method: get, headers: AxiosHeaders, data: undefined} @ http://localhost:3000/static/js/bundle.js:141214
[     267ms] [LOG] [DEBUG] Starting Request {url: http://localhost:8000/api/auth/me, method: get, headers: AxiosHeaders, data: undefined} @ http://localhost:3000/static/js/bundle.js:141214
[     269ms] [LOG] %c[Vercel Web Analytics]%c Debug mode is enabled by default in development. No requests will be sent to the server. color: rgb(120, 120, 120) color: inherit @ https://va.vercel-scripts.com/v1/script.debug.js:0
[     269ms] [LOG] %c[Vercel Web Analytics]%c [view] http://localhost:3000/plates color: rgb(120, 120, 120) color: inherit {o: http://localhost:3000/plates, sv: 0.1.3, sdkn: @vercel/analytics/react, sdkv: 1.5.0, ts: 1775561622279} /_vercel/insights/view @ https://va.vercel-scripts.com/v1/script.debug.js:0
[     269ms] [LOG] Supabase auth state changed: INITIAL_SESSION @ http://localhost:3000/static/js/bundle.js:136021
[     269ms] [LOG] %c[Vercel Speed Insights]%c Debug mode is enabled by default in development. No requests will be sent to the server. color: rgb(120, 120, 120) color: inherit @ https://va.vercel-scripts.com/v1/speed-insights/script.debug.js:0
[     540ms] [LOG] Direct fetch response: {status: 200, ok: true, statusText: OK} @ http://localhost:3000/static/js/bundle.js:123155
[     540ms] [LOG] Direct fetch data: No plates or invalid data @ http://localhost:3000/static/js/bundle.js:123162
[     540ms] [LOG] Direct fetch status breakdown: {total: 0, approved: 0, pending: 0, rejected: 0, other: 0} @ http://localhost:3000/static/js/bundle.js:123164
[     540ms] [LOG] Sample plate from direct fetch: undefined @ http://localhost:3000/static/js/bundle.js:123171
[     540ms] [LOG] Found 0 approved plates from direct fetch @ http://localhost:3000/static/js/bundle.js:123175
[     550ms] [LOG] Direct fetch response: {status: 200, ok: true, statusText: OK} @ http://localhost:3000/static/js/bundle.js:123155
[     550ms] [LOG] Direct fetch data: No plates or invalid data @ http://localhost:3000/static/js/bundle.js:123162
[     550ms] [LOG] Direct fetch status breakdown: {total: 0, approved: 0, pending: 0, rejected: 0, other: 0} @ http://localhost:3000/static/js/bundle.js:123164
[     550ms] [LOG] Sample plate from direct fetch: undefined @ http://localhost:3000/static/js/bundle.js:123171
[     550ms] [LOG] Found 0 approved plates from direct fetch @ http://localhost:3000/static/js/bundle.js:123175
[     941ms] [LOG] [DEBUG] Response: {status: 200, headers: AxiosHeaders, data: Object} @ http://localhost:3000/static/js/bundle.js:141214
[     941ms] [INFO] [INFO] User info retrieved successfully: {created_at: 2025-04-05T23:16:21.883674+00:00, dealer_verified: false, email: suhaylindubai@gmail.com, email_verified: true, id: 07e19ebc-cf63-4cd9-8a72-6eef81eb1201} @ http://localhost:3000/static/js/bundle.js:141223
[     941ms] [LOG] Backend user found: suhaylindubai@gmail.com @ http://localhost:3000/static/js/bundle.js:135993
[     945ms] [LOG] Diagnostic info: {apiClientType: object, getMethodExists: true, apiClientKeys: request, get, post, put, delete, userLoggedIn: true, userEmail: suhaylindubai@gmail.com} @ http://localhost:3000/static/js/bundle.js:123147
[     945ms] [LOG] Fetching plates from API... @ http://localhost:3000/static/js/bundle.js:123148
[    1191ms] [LOG] Direct fetch response: {status: 200, ok: true, statusText: OK} @ http://localhost:3000/static/js/bundle.js:123155
[    1192ms] [LOG] Direct fetch data: No plates or invalid data @ http://localhost:3000/static/js/bundle.js:123162
[    1192ms] [LOG] Direct fetch status breakdown: {total: 0, approved: 0, pending: 0, rejected: 0, other: 0} @ http://localhost:3000/static/js/bundle.js:123164
[    1192ms] [LOG] Sample plate from direct fetch: undefined @ http://localhost:3000/static/js/bundle.js:123171
[    1192ms] [LOG] Found 0 approved plates from direct fetch @ http://localhost:3000/static/js/bundle.js:123175
[    1620ms] [LOG] [DEBUG] Response: {status: 200, headers: AxiosHeaders, data: Object} @ http://localhost:3000/static/js/bundle.js:141214
[    1620ms] [INFO] [INFO] User info retrieved successfully: {created_at: 2025-04-05T23:16:21.883674+00:00, dealer_verified: false, email: suhaylindubai@gmail.com, email_verified: true, id: 07e19ebc-cf63-4cd9-8a72-6eef81eb1201} @ http://localhost:3000/static/js/bundle.js:141223
[    1620ms] [LOG] Backend user found: suhaylindubai@gmail.com @ http://localhost:3000/static/js/bundle.js:135993
[    1623ms] [LOG] Diagnostic info: {apiClientType: object, getMethodExists: true, apiClientKeys: request, get, post, put, delete, userLoggedIn: true, userEmail: suhaylindubai@gmail.com} @ http://localhost:3000/static/js/bundle.js:123147
[    1623ms] [LOG] Fetching plates from API... @ http://localhost:3000/static/js/bundle.js:123148
[    1817ms] [LOG] Direct fetch response: {status: 200, ok: true, statusText: OK} @ http://localhost:3000/static/js/bundle.js:123155
[    1818ms] [LOG] Direct fetch data: No plates or invalid data @ http://localhost:3000/static/js/bundle.js:123162
[    1818ms] [LOG] Direct fetch status breakdown: {total: 0, approved: 0, pending: 0, rejected: 0, other: 0} @ http://localhost:3000/static/js/bundle.js:123164
[    1818ms] [LOG] Sample plate from direct fetch: undefined @ http://localhost:3000/static/js/bundle.js:123171
[    1818ms] [LOG] Found 0 approved plates from direct fetch @ http://localhost:3000/static/js/bundle.js:123175
