[      73ms] [LOG] %c[Vercel Speed Insights]%c [vitals] color: rgb(120, 120, 120) color: inherit {speed: 4g, metrics: Array(3), scriptVersion: 0.1.3, sdkName: @vercel/speed-insights/react, sdkVersion: 1.2.0} /_vercel/speed-insights/vitals @ https://va.vercel-scripts.com/v1/speed-insights/script.debug.js:0
[      74ms] [LOG] %c[Vercel Speed Insights]%c [vitals] color: rgb(120, 120, 120) color: inherit {speed: 4g, metrics: Array(1), scriptVersion: 0.1.3, sdkName: @vercel/speed-insights/react, sdkVersion: 1.2.0} /_vercel/speed-insights/vitals @ https://va.vercel-scripts.com/v1/speed-insights/script.debug.js:0
[     217ms] [INFO] %cDownload the React DevTools for a better development experience: https://reactjs.org/link/react-devtools font-weight:bold @ http://localhost:3000/static/js/bundle.js:87293
[     237ms] [INFO] [INFO] Initializing authentication @ http://localhost:3000/static/js/bundle.js:138538
[     237ms] [LOG] [DEBUG] Retrieved auth data from localStorage null @ http://localhost:3000/static/js/bundle.js:138529
[     237ms] [LOG] [DEBUG] Access token retrieved: No token found @ http://localhost:3000/static/js/bundle.js:138529
[     237ms] [LOG] [DEBUG] No existing token found @ http://localhost:3000/static/js/bundle.js:138529
[     239ms] [LOG] CORS check response: 200 @ http://localhost:3000/static/js/bundle.js:136318
[     254ms] [WARNING] ⚠️ React Router Future Flag Warning: React Router will begin wrapping state updates in `React.startTransition` in v7. You can use the `v7_startTransition` future flag to opt-in early. For more information, see https://reactrouter.com/v6/upgrading/future#v7_starttransition. @ http://localhost:3000/static/js/bundle.js:90795
[     254ms] [WARNING] ⚠️ React Router Future Flag Warning: Relative route resolution within Splat routes is changing in v7. You can use the `v7_relativeSplatPath` future flag to opt-in early. For more information, see https://reactrouter.com/v6/upgrading/future#v7_relativesplatpath. @ http://localhost:3000/static/js/bundle.js:90795
[     254ms] [INFO] [INFO] Initializing authentication @ http://localhost:3000/static/js/bundle.js:138538
[     254ms] [LOG] [DEBUG] Retrieved auth data from localStorage null @ http://localhost:3000/static/js/bundle.js:138529
[     254ms] [LOG] [DEBUG] Access token retrieved: No token found @ http://localhost:3000/static/js/bundle.js:138529
[     254ms] [LOG] [DEBUG] No existing token found @ http://localhost:3000/static/js/bundle.js:138529
[     254ms] [LOG] [DEBUG] Getting current user information @ http://localhost:3000/static/js/bundle.js:138529
[     254ms] [LOG] [DEBUG] Retrieved auth data from localStorage null @ http://localhost:3000/static/js/bundle.js:138529
[     254ms] [LOG] [DEBUG] Access token retrieved: No token found @ http://localhost:3000/static/js/bundle.js:138529
[     254ms] [LOG] [DEBUG] No access token available, user not logged in @ http://localhost:3000/static/js/bundle.js:138529
[     255ms] [INFO] [INFO] Initializing authentication @ http://localhost:3000/static/js/bundle.js:138538
[     255ms] [LOG] [DEBUG] Retrieved auth data from localStorage null @ http://localhost:3000/static/js/bundle.js:138529
[     255ms] [LOG] [DEBUG] Access token retrieved: No token found @ http://localhost:3000/static/js/bundle.js:138529
[     255ms] [LOG] [DEBUG] No existing token found @ http://localhost:3000/static/js/bundle.js:138529
[     255ms] [LOG] [DEBUG] Getting current user information @ http://localhost:3000/static/js/bundle.js:138529
[     255ms] [LOG] [DEBUG] Retrieved auth data from localStorage null @ http://localhost:3000/static/js/bundle.js:138529
[     255ms] [LOG] [DEBUG] Access token retrieved: No token found @ http://localhost:3000/static/js/bundle.js:138529
[     255ms] [LOG] [DEBUG] No access token available, user not logged in @ http://localhost:3000/static/js/bundle.js:138529
[     255ms] [LOG] Syncing auth state with Supabase @ http://localhost:3000/static/js/bundle.js:133239
[     255ms] [LOG] [DEBUG] Getting current user information @ http://localhost:3000/static/js/bundle.js:138529
[     255ms] [LOG] [DEBUG] Retrieved auth data from localStorage null @ http://localhost:3000/static/js/bundle.js:138529
[     255ms] [LOG] [DEBUG] Access token retrieved: No token found @ http://localhost:3000/static/js/bundle.js:138529
[     255ms] [LOG] [DEBUG] No access token available, user not logged in @ http://localhost:3000/static/js/bundle.js:138529
[     255ms] [LOG] Syncing auth state with Supabase @ http://localhost:3000/static/js/bundle.js:133239
[     255ms] [LOG] [DEBUG] Getting current user information @ http://localhost:3000/static/js/bundle.js:138529
[     255ms] [LOG] [DEBUG] Retrieved auth data from localStorage null @ http://localhost:3000/static/js/bundle.js:138529
[     255ms] [LOG] [DEBUG] Access token retrieved: No token found @ http://localhost:3000/static/js/bundle.js:138529
[     255ms] [LOG] [DEBUG] No access token available, user not logged in @ http://localhost:3000/static/js/bundle.js:138529
[     256ms] [LOG] %c[Vercel Web Analytics]%c Debug mode is enabled by default in development. No requests will be sent to the server. color: rgb(120, 120, 120) color: inherit @ https://va.vercel-scripts.com/v1/script.debug.js:0
[     256ms] [LOG] %c[Vercel Web Analytics]%c [view] http://localhost:3000/login color: rgb(120, 120, 120) color: inherit {o: http://localhost:3000/login, sv: 0.1.3, sdkn: @vercel/analytics/react, sdkv: 1.5.0, ts: 1775556822304} /_vercel/insights/view @ https://va.vercel-scripts.com/v1/script.debug.js:0
[     256ms] [LOG] Supabase auth state changed: INITIAL_SESSION @ http://localhost:3000/static/js/bundle.js:133443
[     256ms] [LOG] %c[Vercel Speed Insights]%c Debug mode is enabled by default in development. No requests will be sent to the server. color: rgb(120, 120, 120) color: inherit @ https://va.vercel-scripts.com/v1/speed-insights/script.debug.js:0
[     256ms] [LOG] Supabase session check result: {hasSession: false, hasUser: false, error: none, accessToken: missing} @ http://localhost:3000/static/js/bundle.js:133269
[     256ms] [LOG] No session or user found in context @ http://localhost:3000/static/js/bundle.js:133357
[     259ms] [LOG] Supabase session check result: {hasSession: false, hasUser: false, error: none, accessToken: missing} @ http://localhost:3000/static/js/bundle.js:133269
[     259ms] [LOG] No session or user found in context @ http://localhost:3000/static/js/bundle.js:133357
