[     255ms] [INFO] %cDownload the React DevTools for a better development experience: https://reactjs.org/link/react-devtools font-weight:bold @ http://localhost:3000/static/js/bundle.js:90211
[     279ms] [INFO] [INFO] Initializing authentication @ http://localhost:3000/static/js/bundle.js:141242
[     279ms] [LOG] [DEBUG] Retrieved auth data from localStorage {access_token: [REDACTED], expires_at: 1775564785, expires_in: 3600, refresh_token: xeevk3f65hzm, token_type: bearer} @ http://localhost:3000/static/js/bundle.js:141233
[     280ms] [LOG] [DEBUG] Access token retrieved: [REDACTED TOKEN PRESENT] @ http://localhost:3000/static/js/bundle.js:141233
[     280ms] [LOG] [DEBUG] Found existing token, setting auth header @ http://localhost:3000/static/js/bundle.js:141233
[     280ms] [LOG] [DEBUG] Setting Authorization header with token @ http://localhost:3000/static/js/bundle.js:141233
[     280ms] [LOG] [DEBUG] Retrieved auth data from localStorage {access_token: [REDACTED], expires_at: 1775564785, expires_in: 3600, refresh_token: xeevk3f65hzm, token_type: bearer} @ http://localhost:3000/static/js/bundle.js:141233
[     280ms] [LOG] [DEBUG] Saving auth data to localStorage {access_token: [REDACTED], expires_at: 1775564785, expires_in: 3600, refresh_token: xeevk3f65hzm, token_type: bearer} @ http://localhost:3000/static/js/bundle.js:141233
[     303ms] [LOG] CORS check response: 200 @ http://localhost:3000/static/js/bundle.js:139022
[     307ms] [WARNING] ⚠️ React Router Future Flag Warning: React Router will begin wrapping state updates in `React.startTransition` in v7. You can use the `v7_startTransition` future flag to opt-in early. For more information, see https://reactrouter.com/v6/upgrading/future#v7_starttransition. @ http://localhost:3000/static/js/bundle.js:93713
[     307ms] [WARNING] ⚠️ React Router Future Flag Warning: Relative route resolution within Splat routes is changing in v7. You can use the `v7_relativeSplatPath` future flag to opt-in early. For more information, see https://reactrouter.com/v6/upgrading/future#v7_relativesplatpath. @ http://localhost:3000/static/js/bundle.js:93713
[     307ms] [INFO] [INFO] Initializing authentication @ http://localhost:3000/static/js/bundle.js:141242
[     307ms] [LOG] [DEBUG] Retrieved auth data from localStorage {access_token: [REDACTED], expires_at: 1775564785, expires_in: 3600, refresh_token: xeevk3f65hzm, token_type: bearer} @ http://localhost:3000/static/js/bundle.js:141233
[     307ms] [LOG] [DEBUG] Access token retrieved: [REDACTED TOKEN PRESENT] @ http://localhost:3000/static/js/bundle.js:141233
[     307ms] [LOG] [DEBUG] Found existing token, setting auth header @ http://localhost:3000/static/js/bundle.js:141233
[     307ms] [LOG] [DEBUG] Setting Authorization header with token @ http://localhost:3000/static/js/bundle.js:141233
[     307ms] [LOG] [DEBUG] Retrieved auth data from localStorage {access_token: [REDACTED], expires_at: 1775564785, expires_in: 3600, refresh_token: xeevk3f65hzm, token_type: bearer} @ http://localhost:3000/static/js/bundle.js:141233
[     307ms] [LOG] [DEBUG] Saving auth data to localStorage {access_token: [REDACTED], expires_at: 1775564785, expires_in: 3600, refresh_token: xeevk3f65hzm, token_type: bearer} @ http://localhost:3000/static/js/bundle.js:141233
[     307ms] [LOG] [DEBUG] Getting current user information @ http://localhost:3000/static/js/bundle.js:141233
[     307ms] [LOG] [DEBUG] Retrieved auth data from localStorage {access_token: [REDACTED], expires_at: 1775564785, expires_in: 3600, refresh_token: xeevk3f65hzm, token_type: bearer} @ http://localhost:3000/static/js/bundle.js:141233
[     307ms] [LOG] [DEBUG] Access token retrieved: [REDACTED TOKEN PRESENT] @ http://localhost:3000/static/js/bundle.js:141233
[     307ms] [LOG] [DEBUG] Sending request to http://localhost:8000/api/auth/me with token @ http://localhost:3000/static/js/bundle.js:141233
[     308ms] [INFO] [INFO] Initializing authentication @ http://localhost:3000/static/js/bundle.js:141242
[     308ms] [LOG] [DEBUG] Retrieved auth data from localStorage {access_token: [REDACTED], expires_at: 1775564785, expires_in: 3600, refresh_token: xeevk3f65hzm, token_type: bearer} @ http://localhost:3000/static/js/bundle.js:141233
[     308ms] [LOG] [DEBUG] Access token retrieved: [REDACTED TOKEN PRESENT] @ http://localhost:3000/static/js/bundle.js:141233
[     308ms] [LOG] [DEBUG] Found existing token, setting auth header @ http://localhost:3000/static/js/bundle.js:141233
[     308ms] [LOG] [DEBUG] Setting Authorization header with token @ http://localhost:3000/static/js/bundle.js:141233
[     308ms] [LOG] [DEBUG] Retrieved auth data from localStorage {access_token: [REDACTED], expires_at: 1775564785, expires_in: 3600, refresh_token: xeevk3f65hzm, token_type: bearer} @ http://localhost:3000/static/js/bundle.js:141233
[     308ms] [LOG] [DEBUG] Saving auth data to localStorage {access_token: [REDACTED], expires_at: 1775564785, expires_in: 3600, refresh_token: xeevk3f65hzm, token_type: bearer} @ http://localhost:3000/static/js/bundle.js:141233
[     308ms] [LOG] [DEBUG] Getting current user information @ http://localhost:3000/static/js/bundle.js:141233
[     308ms] [LOG] [DEBUG] Retrieved auth data from localStorage {access_token: [REDACTED], expires_at: 1775564785, expires_in: 3600, refresh_token: xeevk3f65hzm, token_type: bearer} @ http://localhost:3000/static/js/bundle.js:141233
[     308ms] [LOG] [DEBUG] Access token retrieved: [REDACTED TOKEN PRESENT] @ http://localhost:3000/static/js/bundle.js:141233
[     308ms] [LOG] [DEBUG] Sending request to http://localhost:8000/api/auth/me with token @ http://localhost:3000/static/js/bundle.js:141233
[     308ms] [LOG] [DEBUG] Starting Request {url: http://localhost:8000/api/cars/36b92588-5dcf-4c75-9c4f-20cb6f980e41, method: get, headers: AxiosHeaders, data: undefined} @ http://localhost:3000/static/js/bundle.js:141233
[     308ms] [LOG] [DEBUG] Starting Request {url: http://localhost:8000/api/auth/me, method: get, headers: AxiosHeaders, data: undefined} @ http://localhost:3000/static/js/bundle.js:141233
[     308ms] [LOG] [DEBUG] Starting Request {url: http://localhost:8000/api/cars/36b92588-5dcf-4c75-9c4f-20cb6f980e41, method: get, headers: AxiosHeaders, data: undefined} @ http://localhost:3000/static/js/bundle.js:141233
[     308ms] [LOG] [DEBUG] Starting Request {url: http://localhost:8000/api/auth/me, method: get, headers: AxiosHeaders, data: undefined} @ http://localhost:3000/static/js/bundle.js:141233
[     310ms] [LOG] %c[Vercel Web Analytics]%c Debug mode is enabled by default in development. No requests will be sent to the server. color: rgb(120, 120, 120) color: inherit @ https://va.vercel-scripts.com/v1/script.debug.js:0
[     310ms] [LOG] %c[Vercel Web Analytics]%c [view] http://localhost:3000/cars/36b92588-5dcf-4c75-9c4f-20cb6f980e41 color: rgb(120, 120, 120) color: inherit {o: http://localhost:3000/cars/36b92588-5dcf-4c75-9c4f-20cb6f980e41, sv: 0.1.3, sdkn: @vercel/analytics/react, sdkv: 1.5.0, ts: 1775590158380} /_vercel/insights/view @ https://va.vercel-scripts.com/v1/script.debug.js:0
[     310ms] [LOG] %c[Vercel Speed Insights]%c Debug mode is enabled by default in development. No requests will be sent to the server. color: rgb(120, 120, 120) color: inherit @ https://va.vercel-scripts.com/v1/speed-insights/script.debug.js:0
[     332ms] [LOG] Supabase auth state changed: INITIAL_SESSION @ http://localhost:3000/static/js/bundle.js:136040
[    1468ms] [ERROR] Failed to load resource: the server responded with a status of 403 (FORBIDDEN) @ http://localhost:8000/api/auth/me:0
[    1469ms] [ERROR] [ERROR] Response Error: {message: Request failed with status code 403, status: 403, data: Object} @ http://localhost:3000/static/js/bundle.js:141257
[    1469ms] [ERROR] [ERROR] Get user error: AxiosError @ http://localhost:3000/static/js/bundle.js:141257
[    1469ms] [ERROR] Error checking backend user: Token validation failed @ http://localhost:3000/static/js/bundle.js:136015
[    1469ms] [LOG] Syncing auth state with Supabase @ http://localhost:3000/static/js/bundle.js:135836
[    1469ms] [LOG] [DEBUG] Getting current user information @ http://localhost:3000/static/js/bundle.js:141233
[    1469ms] [LOG] [DEBUG] Retrieved auth data from localStorage {access_token: [REDACTED], expires_at: 1775564785, expires_in: 3600, refresh_token: xeevk3f65hzm, token_type: bearer} @ http://localhost:3000/static/js/bundle.js:141233
[    1470ms] [LOG] [DEBUG] Access token retrieved: [REDACTED TOKEN PRESENT] @ http://localhost:3000/static/js/bundle.js:141233
[    1470ms] [LOG] [DEBUG] Sending request to http://localhost:8000/api/auth/me with token @ http://localhost:3000/static/js/bundle.js:141233
[    1470ms] [LOG] [DEBUG] Starting Request {url: http://localhost:8000/api/auth/me, method: get, headers: AxiosHeaders, data: undefined} @ http://localhost:3000/static/js/bundle.js:141233
[    1674ms] [ERROR] Failed to load resource: the server responded with a status of 403 (FORBIDDEN) @ http://localhost:8000/api/auth/me:0
[    1675ms] [ERROR] [ERROR] Response Error: {message: Request failed with status code 403, status: 403, data: Object} @ http://localhost:3000/static/js/bundle.js:141257
[    1676ms] [ERROR] [ERROR] Get user error: AxiosError @ http://localhost:3000/static/js/bundle.js:141257
[    1676ms] [ERROR] Error checking backend user: Token validation failed @ http://localhost:3000/static/js/bundle.js:136015
[    1676ms] [LOG] Syncing auth state with Supabase @ http://localhost:3000/static/js/bundle.js:135836
[    1676ms] [LOG] [DEBUG] Getting current user information @ http://localhost:3000/static/js/bundle.js:141233
[    1676ms] [LOG] [DEBUG] Retrieved auth data from localStorage {access_token: [REDACTED], expires_at: 1775564785, expires_in: 3600, refresh_token: xeevk3f65hzm, token_type: bearer} @ http://localhost:3000/static/js/bundle.js:141233
[    1676ms] [LOG] [DEBUG] Access token retrieved: [REDACTED TOKEN PRESENT] @ http://localhost:3000/static/js/bundle.js:141233
[    1676ms] [LOG] [DEBUG] Sending request to http://localhost:8000/api/auth/me with token @ http://localhost:3000/static/js/bundle.js:141233
[    1676ms] [LOG] [DEBUG] Starting Request {url: http://localhost:8000/api/auth/me, method: get, headers: AxiosHeaders, data: undefined} @ http://localhost:3000/static/js/bundle.js:141233
[    1880ms] [ERROR] Failed to load resource: the server responded with a status of 403 (FORBIDDEN) @ http://localhost:8000/api/auth/me:0
[    1880ms] [ERROR] [ERROR] Response Error: {message: Request failed with status code 403, status: 403, data: Object} @ http://localhost:3000/static/js/bundle.js:141257
[    1881ms] [ERROR] [ERROR] Get user error: AxiosError @ http://localhost:3000/static/js/bundle.js:141257
[    1881ms] [ERROR] Error checking backend user: Token validation failed @ http://localhost:3000/static/js/bundle.js:135855
[    1881ms] [LOG] Supabase session check result: {hasSession: false, hasUser: false, error: none, accessToken: missing} @ http://localhost:3000/static/js/bundle.js:135866
[    1881ms] [LOG] No session or user found in context @ http://localhost:3000/static/js/bundle.js:135954
[    1881ms] [LOG] Found token in localStorage, but no user - attempting to validate token @ http://localhost:3000/static/js/bundle.js:135959
[    2094ms] [ERROR] Failed to load resource: the server responded with a status of 403 (FORBIDDEN) @ http://localhost:8000/api/auth/me:0
[    2095ms] [ERROR] [ERROR] Response Error: {message: Request failed with status code 403, status: 403, data: Object} @ http://localhost:3000/static/js/bundle.js:141257
[    2095ms] [ERROR] [ERROR] Get user error: AxiosError @ http://localhost:3000/static/js/bundle.js:141257
[    2095ms] [ERROR] Error checking backend user: Token validation failed @ http://localhost:3000/static/js/bundle.js:135855
[    2096ms] [LOG] Supabase session check result: {hasSession: false, hasUser: false, error: none, accessToken: missing} @ http://localhost:3000/static/js/bundle.js:135866
[    2096ms] [LOG] No session or user found in context @ http://localhost:3000/static/js/bundle.js:135954
[    2096ms] [LOG] Found token in localStorage, but no user - attempting to validate token @ http://localhost:3000/static/js/bundle.js:135959
[    2368ms] [ERROR] Failed to load resource: the server responded with a status of 403 () @ https://ltjatsyhpmvewancqdjw.supabase.co/auth/v1/user:0
[    2369ms] [WARNING] Token in localStorage is invalid, removing @ http://localhost:3000/static/js/bundle.js:135984
[    2380ms] [LOG] [DEBUG] Response: {status: 200, headers: AxiosHeaders, data: Object} @ http://localhost:3000/static/js/bundle.js:141233
[    2519ms] [ERROR] Failed to load resource: the server responded with a status of 403 () @ https://ltjatsyhpmvewancqdjw.supabase.co/auth/v1/user:0
[    2519ms] [WARNING] Token in localStorage is invalid, removing @ http://localhost:3000/static/js/bundle.js:135984
[    3286ms] [LOG] [DEBUG] Response: {status: 200, headers: AxiosHeaders, data: Object} @ http://localhost:3000/static/js/bundle.js:141233
[  491835ms] [LOG] [DEBUG] Starting Request {url: http://localhost:8000/api/cars/36b92588-5dcf-4c75-9c4f-20cb6f980e41, method: get, headers: AxiosHeaders, data: undefined} @ http://localhost:3000/static/js/bundle.js:141233
[  491835ms] [LOG] [DEBUG] Starting Request {url: http://localhost:8000/api/cars/36b92588-5dcf-4c75-9c4f-20cb6f980e41, method: get, headers: AxiosHeaders, data: undefined} @ http://localhost:3000/static/js/bundle.js:141233
[  493341ms] [LOG] [DEBUG] Response: {status: 200, headers: AxiosHeaders, data: Object} @ http://localhost:3000/static/js/bundle.js:141233
[  494176ms] [LOG] [DEBUG] Response: {status: 200, headers: AxiosHeaders, data: Object} @ http://localhost:3000/static/js/bundle.js:141233
[ 1800278ms] [LOG] [DEBUG] Retrieved auth data from localStorage {access_token: [REDACTED], expires_at: 1775564785, expires_in: 3600, refresh_token: xeevk3f65hzm, token_type: bearer} @ http://localhost:3000/static/js/bundle.js:141233
[ 1800279ms] [LOG] [DEBUG] Access token retrieved: [REDACTED TOKEN PRESENT] @ http://localhost:3000/static/js/bundle.js:141233
[ 1800279ms] [LOG] [DEBUG] Retrieved auth data from localStorage {access_token: [REDACTED], expires_at: 1775564785, expires_in: 3600, refresh_token: xeevk3f65hzm, token_type: bearer} @ http://localhost:3000/static/js/bundle.js:141233
[ 1800281ms] [LOG] [DEBUG] Starting Request {url: http://localhost:8000/api/auth/refresh, method: post, headers: AxiosHeaders, data: Object} @ http://localhost:3000/static/js/bundle.js:141233
[ 1801181ms] [LOG] [DEBUG] Response: {status: 200, headers: AxiosHeaders, data: Object} @ http://localhost:3000/static/js/bundle.js:141233
[ 1801181ms] [LOG] [DEBUG] Saving auth data to localStorage {access_token: [REDACTED], expires_at: 1775595559, expires_in: 3600, refresh_token: 2aqjtp7dzbkd, token_type: bearer} @ http://localhost:3000/static/js/bundle.js:141233
[ 1801181ms] [LOG] [DEBUG] Setting Authorization header with token @ http://localhost:3000/static/js/bundle.js:141233
[ 1801181ms] [LOG] [DEBUG] Retrieved auth data from localStorage {access_token: [REDACTED], expires_at: 1775595559, expires_in: 3600, refresh_token: 2aqjtp7dzbkd, token_type: bearer} @ http://localhost:3000/static/js/bundle.js:141233
[ 1801181ms] [LOG] [DEBUG] Saving auth data to localStorage {access_token: [REDACTED], expires_at: 1775595559, expires_in: 3600, refresh_token: 2aqjtp7dzbkd, token_type: bearer} @ http://localhost:3000/static/js/bundle.js:141233
[ 2160205ms] [LOG] %c[Vercel Speed Insights]%c [vitals] color: rgb(120, 120, 120) color: inherit {speed: 4g, metrics: Array(3), scriptVersion: 0.1.3, sdkName: @vercel/speed-insights/react, sdkVersion: 1.2.0} /_vercel/speed-insights/vitals @ https://va.vercel-scripts.com/v1/speed-insights/script.debug.js:0
