[      53ms] [LOG] %c[Vercel Speed Insights]%c [vitals] color: rgb(120, 120, 120) color: inherit {speed: 4g, metrics: Array(3), scriptVersion: 0.1.3, sdkName: @vercel/speed-insights/react, sdkVersion: 1.2.0} /_vercel/speed-insights/vitals @ https://va.vercel-scripts.com/v1/speed-insights/script.debug.js:0
[      53ms] [LOG] %c[Vercel Speed Insights]%c [vitals] color: rgb(120, 120, 120) color: inherit {speed: 4g, metrics: Array(1), scriptVersion: 0.1.3, sdkName: @vercel/speed-insights/react, sdkVersion: 1.2.0} /_vercel/speed-insights/vitals @ https://va.vercel-scripts.com/v1/speed-insights/script.debug.js:0
[      91ms] [INFO] %cDownload the React DevTools for a better development experience: https://reactjs.org/link/react-devtools font-weight:bold @ http://localhost:3000/static/js/bundle.js:89981
[     104ms] [INFO] [INFO] Initializing authentication @ http://localhost:3000/static/js/bundle.js:141199
[     104ms] [LOG] [DEBUG] Retrieved auth data from localStorage {access_token: [REDACTED], expires_at: 1775564785, expires_in: 3600, refresh_token: xeevk3f65hzm, token_type: bearer} @ http://localhost:3000/static/js/bundle.js:141190
[     104ms] [LOG] [DEBUG] Access token retrieved: [REDACTED TOKEN PRESENT] @ http://localhost:3000/static/js/bundle.js:141190
[     104ms] [LOG] [DEBUG] Found existing token, setting auth header @ http://localhost:3000/static/js/bundle.js:141190
[     104ms] [LOG] [DEBUG] Setting Authorization header with token @ http://localhost:3000/static/js/bundle.js:141190
[     104ms] [LOG] [DEBUG] Retrieved auth data from localStorage {access_token: [REDACTED], expires_at: 1775564785, expires_in: 3600, refresh_token: xeevk3f65hzm, token_type: bearer} @ http://localhost:3000/static/js/bundle.js:141190
[     104ms] [LOG] [DEBUG] Saving auth data to localStorage {access_token: [REDACTED], expires_at: 1775564785, expires_in: 3600, refresh_token: xeevk3f65hzm, token_type: bearer} @ http://localhost:3000/static/js/bundle.js:141190
[     106ms] [LOG] CORS check response: 200 @ http://localhost:3000/static/js/bundle.js:138979
[     108ms] [LOG] Diagnostic info: {apiClientType: object, getMethodExists: true, apiClientKeys: request, get, post, put, delete, userLoggedIn: false, userEmail: Not logged in} @ http://localhost:3000/static/js/bundle.js:123123
[     108ms] [LOG] Fetching plates from API... @ http://localhost:3000/static/js/bundle.js:123124
[     109ms] [WARNING] ⚠️ React Router Future Flag Warning: React Router will begin wrapping state updates in `React.startTransition` in v7. You can use the `v7_startTransition` future flag to opt-in early. For more information, see https://reactrouter.com/v6/upgrading/future#v7_starttransition. @ http://localhost:3000/static/js/bundle.js:93483
[     109ms] [WARNING] ⚠️ React Router Future Flag Warning: Relative route resolution within Splat routes is changing in v7. You can use the `v7_relativeSplatPath` future flag to opt-in early. For more information, see https://reactrouter.com/v6/upgrading/future#v7_relativesplatpath. @ http://localhost:3000/static/js/bundle.js:93483
[     109ms] [INFO] [INFO] Initializing authentication @ http://localhost:3000/static/js/bundle.js:141199
[     109ms] [LOG] [DEBUG] Retrieved auth data from localStorage {access_token: [REDACTED], expires_at: 1775564785, expires_in: 3600, refresh_token: xeevk3f65hzm, token_type: bearer} @ http://localhost:3000/static/js/bundle.js:141190
[     109ms] [LOG] [DEBUG] Access token retrieved: [REDACTED TOKEN PRESENT] @ http://localhost:3000/static/js/bundle.js:141190
[     109ms] [LOG] [DEBUG] Found existing token, setting auth header @ http://localhost:3000/static/js/bundle.js:141190
[     109ms] [LOG] [DEBUG] Setting Authorization header with token @ http://localhost:3000/static/js/bundle.js:141190
[     109ms] [LOG] [DEBUG] Retrieved auth data from localStorage {access_token: [REDACTED], expires_at: 1775564785, expires_in: 3600, refresh_token: xeevk3f65hzm, token_type: bearer} @ http://localhost:3000/static/js/bundle.js:141190
[     109ms] [LOG] [DEBUG] Saving auth data to localStorage {access_token: [REDACTED], expires_at: 1775564785, expires_in: 3600, refresh_token: xeevk3f65hzm, token_type: bearer} @ http://localhost:3000/static/js/bundle.js:141190
[     109ms] [LOG] [DEBUG] Getting current user information @ http://localhost:3000/static/js/bundle.js:141190
[     109ms] [LOG] [DEBUG] Retrieved auth data from localStorage {access_token: [REDACTED], expires_at: 1775564785, expires_in: 3600, refresh_token: xeevk3f65hzm, token_type: bearer} @ http://localhost:3000/static/js/bundle.js:141190
[     109ms] [LOG] [DEBUG] Access token retrieved: [REDACTED TOKEN PRESENT] @ http://localhost:3000/static/js/bundle.js:141190
[     109ms] [LOG] [DEBUG] Sending request to http://localhost:8000/api/auth/me with token @ http://localhost:3000/static/js/bundle.js:141190
[     109ms] [LOG] Diagnostic info: {apiClientType: object, getMethodExists: true, apiClientKeys: request, get, post, put, delete, userLoggedIn: false, userEmail: Not logged in} @ http://localhost:3000/static/js/bundle.js:123123
[     109ms] [LOG] Fetching plates from API... @ http://localhost:3000/static/js/bundle.js:123124
[     109ms] [INFO] [INFO] Initializing authentication @ http://localhost:3000/static/js/bundle.js:141199
[     109ms] [LOG] [DEBUG] Retrieved auth data from localStorage {access_token: [REDACTED], expires_at: 1775564785, expires_in: 3600, refresh_token: xeevk3f65hzm, token_type: bearer} @ http://localhost:3000/static/js/bundle.js:141190
[     109ms] [LOG] [DEBUG] Access token retrieved: [REDACTED TOKEN PRESENT] @ http://localhost:3000/static/js/bundle.js:141190
[     109ms] [LOG] [DEBUG] Found existing token, setting auth header @ http://localhost:3000/static/js/bundle.js:141190
[     109ms] [LOG] [DEBUG] Setting Authorization header with token @ http://localhost:3000/static/js/bundle.js:141190
[     109ms] [LOG] [DEBUG] Retrieved auth data from localStorage {access_token: [REDACTED], expires_at: 1775564785, expires_in: 3600, refresh_token: xeevk3f65hzm, token_type: bearer} @ http://localhost:3000/static/js/bundle.js:141190
[     109ms] [LOG] [DEBUG] Saving auth data to localStorage {access_token: [REDACTED], expires_at: 1775564785, expires_in: 3600, refresh_token: xeevk3f65hzm, token_type: bearer} @ http://localhost:3000/static/js/bundle.js:141190
[     109ms] [LOG] [DEBUG] Getting current user information @ http://localhost:3000/static/js/bundle.js:141190
[     109ms] [LOG] [DEBUG] Retrieved auth data from localStorage {access_token: [REDACTED], expires_at: 1775564785, expires_in: 3600, refresh_token: xeevk3f65hzm, token_type: bearer} @ http://localhost:3000/static/js/bundle.js:141190
[     110ms] [LOG] [DEBUG] Access token retrieved: [REDACTED TOKEN PRESENT] @ http://localhost:3000/static/js/bundle.js:141190
[     110ms] [LOG] [DEBUG] Sending request to http://localhost:8000/api/auth/me with token @ http://localhost:3000/static/js/bundle.js:141190
[     110ms] [LOG] [DEBUG] Starting Request {url: http://localhost:8000/api/auth/me, method: get, headers: AxiosHeaders, data: undefined} @ http://localhost:3000/static/js/bundle.js:141190
[     110ms] [LOG] [DEBUG] Starting Request {url: http://localhost:8000/api/auth/me, method: get, headers: AxiosHeaders, data: undefined} @ http://localhost:3000/static/js/bundle.js:141190
[     111ms] [LOG] %c[Vercel Web Analytics]%c Debug mode is enabled by default in development. No requests will be sent to the server. color: rgb(120, 120, 120) color: inherit @ https://va.vercel-scripts.com/v1/script.debug.js:0
[     111ms] [LOG] %c[Vercel Web Analytics]%c [view] http://localhost:3000/plates color: rgb(120, 120, 120) color: inherit {o: http://localhost:3000/plates, sv: 0.1.3, sdkn: @vercel/analytics/react, sdkv: 1.5.0, ts: 1775561568596} /_vercel/insights/view @ https://va.vercel-scripts.com/v1/script.debug.js:0
[     111ms] [LOG] %c[Vercel Speed Insights]%c Debug mode is enabled by default in development. No requests will be sent to the server. color: rgb(120, 120, 120) color: inherit @ https://va.vercel-scripts.com/v1/speed-insights/script.debug.js:0
[     143ms] [LOG] Supabase auth state changed: INITIAL_SESSION @ http://localhost:3000/static/js/bundle.js:135997
[     542ms] [LOG] Direct fetch response: {status: 200, ok: true, statusText: OK} @ http://localhost:3000/static/js/bundle.js:123131
[     542ms] [LOG] Direct fetch data: No plates or invalid data @ http://localhost:3000/static/js/bundle.js:123138
[     542ms] [LOG] Direct fetch status breakdown: {total: 0, approved: 0, pending: 0, rejected: 0, other: 0} @ http://localhost:3000/static/js/bundle.js:123140
[     542ms] [LOG] Sample plate from direct fetch: undefined @ http://localhost:3000/static/js/bundle.js:123147
[     542ms] [LOG] Found 0 approved plates from direct fetch @ http://localhost:3000/static/js/bundle.js:123151
[     550ms] [LOG] Direct fetch response: {status: 200, ok: true, statusText: OK} @ http://localhost:3000/static/js/bundle.js:123131
[     550ms] [LOG] Direct fetch data: No plates or invalid data @ http://localhost:3000/static/js/bundle.js:123138
[     550ms] [LOG] Direct fetch status breakdown: {total: 0, approved: 0, pending: 0, rejected: 0, other: 0} @ http://localhost:3000/static/js/bundle.js:123140
[     550ms] [LOG] Sample plate from direct fetch: undefined @ http://localhost:3000/static/js/bundle.js:123147
[     550ms] [LOG] Found 0 approved plates from direct fetch @ http://localhost:3000/static/js/bundle.js:123151
[     748ms] [LOG] [DEBUG] Response: {status: 200, headers: AxiosHeaders, data: Object} @ http://localhost:3000/static/js/bundle.js:141190
[     748ms] [INFO] [INFO] User info retrieved successfully: {created_at: 2025-04-05T23:16:21.883674+00:00, dealer_verified: false, email: suhaylindubai@gmail.com, email_verified: true, id: 07e19ebc-cf63-4cd9-8a72-6eef81eb1201} @ http://localhost:3000/static/js/bundle.js:141199
[     748ms] [LOG] Backend user found: suhaylindubai@gmail.com @ http://localhost:3000/static/js/bundle.js:135969
[     749ms] [LOG] Diagnostic info: {apiClientType: object, getMethodExists: true, apiClientKeys: request, get, post, put, delete, userLoggedIn: true, userEmail: suhaylindubai@gmail.com} @ http://localhost:3000/static/js/bundle.js:123123
[     749ms] [LOG] Fetching plates from API... @ http://localhost:3000/static/js/bundle.js:123124
[    1001ms] [LOG] Direct fetch response: {status: 200, ok: true, statusText: OK} @ http://localhost:3000/static/js/bundle.js:123131
[    1001ms] [LOG] Direct fetch data: No plates or invalid data @ http://localhost:3000/static/js/bundle.js:123138
[    1001ms] [LOG] Direct fetch status breakdown: {total: 0, approved: 0, pending: 0, rejected: 0, other: 0} @ http://localhost:3000/static/js/bundle.js:123140
[    1001ms] [LOG] Sample plate from direct fetch: undefined @ http://localhost:3000/static/js/bundle.js:123147
[    1001ms] [LOG] Found 0 approved plates from direct fetch @ http://localhost:3000/static/js/bundle.js:123151
[    1350ms] [LOG] [DEBUG] Response: {status: 200, headers: AxiosHeaders, data: Object} @ http://localhost:3000/static/js/bundle.js:141190
[    1350ms] [INFO] [INFO] User info retrieved successfully: {created_at: 2025-04-05T23:16:21.883674+00:00, dealer_verified: false, email: suhaylindubai@gmail.com, email_verified: true, id: 07e19ebc-cf63-4cd9-8a72-6eef81eb1201} @ http://localhost:3000/static/js/bundle.js:141199
[    1350ms] [LOG] Backend user found: suhaylindubai@gmail.com @ http://localhost:3000/static/js/bundle.js:135969
[    1353ms] [LOG] Diagnostic info: {apiClientType: object, getMethodExists: true, apiClientKeys: request, get, post, put, delete, userLoggedIn: true, userEmail: suhaylindubai@gmail.com} @ http://localhost:3000/static/js/bundle.js:123123
[    1353ms] [LOG] Fetching plates from API... @ http://localhost:3000/static/js/bundle.js:123124
[    1552ms] [LOG] Direct fetch response: {status: 200, ok: true, statusText: OK} @ http://localhost:3000/static/js/bundle.js:123131
[    1553ms] [LOG] Direct fetch data: No plates or invalid data @ http://localhost:3000/static/js/bundle.js:123138
[    1553ms] [LOG] Direct fetch status breakdown: {total: 0, approved: 0, pending: 0, rejected: 0, other: 0} @ http://localhost:3000/static/js/bundle.js:123140
[    1553ms] [LOG] Sample plate from direct fetch: undefined @ http://localhost:3000/static/js/bundle.js:123147
[    1553ms] [LOG] Found 0 approved plates from direct fetch @ http://localhost:3000/static/js/bundle.js:123151
