[     222ms] [INFO] %cDownload the React DevTools for a better development experience: https://reactjs.org/link/react-devtools font-weight:bold @ http://localhost:3000/static/js/bundle.js:89343
[     250ms] [INFO] [INFO] Initializing authentication @ http://localhost:3000/static/js/bundle.js:140528
[     250ms] [LOG] [DEBUG] Retrieved auth data from localStorage null @ http://localhost:3000/static/js/bundle.js:140519
[     250ms] [LOG] [DEBUG] Access token retrieved: No token found @ http://localhost:3000/static/js/bundle.js:140519
[     250ms] [LOG] [DEBUG] No existing token found @ http://localhost:3000/static/js/bundle.js:140519
[     297ms] [LOG] Fetching from: http://localhost:8000/api/cars?order=created_at.desc&extras=&_t=1775561163707 @ http://localhost:3000/static/js/bundle.js:111024
[     297ms] [LOG] API_URL value: http://localhost:8000 @ http://localhost:3000/static/js/bundle.js:111025
[     298ms] [WARNING] ⚠️ React Router Future Flag Warning: React Router will begin wrapping state updates in `React.startTransition` in v7. You can use the `v7_startTransition` future flag to opt-in early. For more information, see https://reactrouter.com/v6/upgrading/future#v7_starttransition. @ http://localhost:3000/static/js/bundle.js:92845
[     298ms] [WARNING] ⚠️ React Router Future Flag Warning: Relative route resolution within Splat routes is changing in v7. You can use the `v7_relativeSplatPath` future flag to opt-in early. For more information, see https://reactrouter.com/v6/upgrading/future#v7_relativesplatpath. @ http://localhost:3000/static/js/bundle.js:92845
[     298ms] [INFO] [INFO] Initializing authentication @ http://localhost:3000/static/js/bundle.js:140528
[     298ms] [LOG] [DEBUG] Retrieved auth data from localStorage null @ http://localhost:3000/static/js/bundle.js:140519
[     298ms] [LOG] [DEBUG] Access token retrieved: No token found @ http://localhost:3000/static/js/bundle.js:140519
[     299ms] [LOG] [DEBUG] No existing token found @ http://localhost:3000/static/js/bundle.js:140519
[     299ms] [LOG] [DEBUG] Getting current user information @ http://localhost:3000/static/js/bundle.js:140519
[     299ms] [LOG] [DEBUG] Retrieved auth data from localStorage null @ http://localhost:3000/static/js/bundle.js:140519
[     299ms] [LOG] [DEBUG] Access token retrieved: No token found @ http://localhost:3000/static/js/bundle.js:140519
[     299ms] [LOG] [DEBUG] No access token available, user not logged in @ http://localhost:3000/static/js/bundle.js:140519
[     299ms] [LOG] Fetching from: http://localhost:8000/api/cars?order=created_at.desc&extras=&_t=1775561163708 @ http://localhost:3000/static/js/bundle.js:111024
[     299ms] [LOG] API_URL value: http://localhost:8000 @ http://localhost:3000/static/js/bundle.js:111025
[     299ms] [INFO] [INFO] Initializing authentication @ http://localhost:3000/static/js/bundle.js:140528
[     299ms] [LOG] [DEBUG] Retrieved auth data from localStorage null @ http://localhost:3000/static/js/bundle.js:140519
[     299ms] [LOG] [DEBUG] Access token retrieved: No token found @ http://localhost:3000/static/js/bundle.js:140519
[     299ms] [LOG] [DEBUG] No existing token found @ http://localhost:3000/static/js/bundle.js:140519
[     299ms] [LOG] [DEBUG] Getting current user information @ http://localhost:3000/static/js/bundle.js:140519
[     299ms] [LOG] [DEBUG] Retrieved auth data from localStorage null @ http://localhost:3000/static/js/bundle.js:140519
[     299ms] [LOG] [DEBUG] Access token retrieved: No token found @ http://localhost:3000/static/js/bundle.js:140519
[     299ms] [LOG] [DEBUG] No access token available, user not logged in @ http://localhost:3000/static/js/bundle.js:140519
[     299ms] [LOG] [DEBUG] Starting Request {url: http://localhost:8000/api/cars?order=created_at.desc&extras=&_t=1775561163707, method: get, headers: AxiosHeaders, data: undefined} @ http://localhost:3000/static/js/bundle.js:140519
[     299ms] [LOG] Syncing auth state with Supabase @ http://localhost:3000/static/js/bundle.js:135122
[     299ms] [LOG] [DEBUG] Getting current user information @ http://localhost:3000/static/js/bundle.js:140519
[     299ms] [LOG] [DEBUG] Retrieved auth data from localStorage null @ http://localhost:3000/static/js/bundle.js:140519
[     299ms] [LOG] [DEBUG] Access token retrieved: No token found @ http://localhost:3000/static/js/bundle.js:140519
[     299ms] [LOG] [DEBUG] No access token available, user not logged in @ http://localhost:3000/static/js/bundle.js:140519
[     299ms] [LOG] [DEBUG] Starting Request {url: http://localhost:8000/api/cars?order=created_at.desc&extras=&_t=1775561163708, method: get, headers: AxiosHeaders, data: undefined} @ http://localhost:3000/static/js/bundle.js:140519
[     299ms] [LOG] Syncing auth state with Supabase @ http://localhost:3000/static/js/bundle.js:135122
[     299ms] [LOG] [DEBUG] Getting current user information @ http://localhost:3000/static/js/bundle.js:140519
[     299ms] [LOG] [DEBUG] Retrieved auth data from localStorage null @ http://localhost:3000/static/js/bundle.js:140519
[     299ms] [LOG] [DEBUG] Access token retrieved: No token found @ http://localhost:3000/static/js/bundle.js:140519
[     299ms] [LOG] [DEBUG] No access token available, user not logged in @ http://localhost:3000/static/js/bundle.js:140519
[     300ms] [LOG] CORS check response: 200 @ http://localhost:3000/static/js/bundle.js:138308
[     302ms] [LOG] %c[Vercel Web Analytics]%c Debug mode is enabled by default in development. No requests will be sent to the server. color: rgb(120, 120, 120) color: inherit @ https://va.vercel-scripts.com/v1/script.debug.js:0
[     302ms] [LOG] %c[Vercel Web Analytics]%c [view] http://localhost:3000/cars color: rgb(120, 120, 120) color: inherit {o: http://localhost:3000/cars, sv: 0.1.3, sdkn: @vercel/analytics/react, sdkv: 1.5.0, ts: 1775561163711} /_vercel/insights/view @ https://va.vercel-scripts.com/v1/script.debug.js:0
[     302ms] [LOG] %c[Vercel Speed Insights]%c Debug mode is enabled by default in development. No requests will be sent to the server. color: rgb(120, 120, 120) color: inherit @ https://va.vercel-scripts.com/v1/speed-insights/script.debug.js:0
[     315ms] [LOG] Supabase auth state changed: INITIAL_SESSION @ http://localhost:3000/static/js/bundle.js:135326
[     315ms] [LOG] Supabase session check result: {hasSession: false, hasUser: false, error: none, accessToken: missing} @ http://localhost:3000/static/js/bundle.js:135152
[     315ms] [LOG] No session or user found in context @ http://localhost:3000/static/js/bundle.js:135240
[     316ms] [LOG] Supabase session check result: {hasSession: false, hasUser: false, error: none, accessToken: missing} @ http://localhost:3000/static/js/bundle.js:135152
[     316ms] [LOG] No session or user found in context @ http://localhost:3000/static/js/bundle.js:135240
[    1133ms] [LOG] [DEBUG] Response: {status: 200, headers: AxiosHeaders, data: Array(1)} @ http://localhost:3000/static/js/bundle.js:140519
[    1133ms] [LOG] API Response status: 200 @ http://localhost:3000/static/js/bundle.js:111035
[    1133ms] [LOG] API Response data type: object @ http://localhost:3000/static/js/bundle.js:111036
[    1133ms] [LOG] API Response data: [Object] @ http://localhost:3000/static/js/bundle.js:111037
[    1133ms] [LOG] Setting cars data, length: 1 @ http://localhost:3000/static/js/bundle.js:111048
[    1283ms] [LOG] [DEBUG] Response: {status: 200, headers: AxiosHeaders, data: Array(1)} @ http://localhost:3000/static/js/bundle.js:140519
[    1283ms] [LOG] API Response status: 200 @ http://localhost:3000/static/js/bundle.js:111035
[    1283ms] [LOG] API Response data type: object @ http://localhost:3000/static/js/bundle.js:111036
[    1283ms] [LOG] API Response data: [Object] @ http://localhost:3000/static/js/bundle.js:111037
[    1283ms] [LOG] Setting cars data, length: 1 @ http://localhost:3000/static/js/bundle.js:111048
