[     228ms] [INFO] %cDownload the React DevTools for a better development experience: https://reactjs.org/link/react-devtools font-weight:bold @ http://localhost:3000/static/js/bundle.js:87073
[     249ms] [INFO] [INFO] Initializing authentication @ http://localhost:3000/static/js/bundle.js:138342
[     249ms] [LOG] [DEBUG] Retrieved auth data from localStorage null @ http://localhost:3000/static/js/bundle.js:138333
[     249ms] [LOG] [DEBUG] Access token retrieved: No token found @ http://localhost:3000/static/js/bundle.js:138333
[     249ms] [LOG] [DEBUG] No existing token found @ http://localhost:3000/static/js/bundle.js:138333
[     263ms] [LOG] CORS check response: 200 @ http://localhost:3000/static/js/bundle.js:136122
[     356ms] [VERBOSE] [DOM] Password forms should have (optionally hidden) username fields for accessibility: (More info: https://goo.gl/9p2vKq) %o @ http://localhost:3000/:0
[   22935ms] [WARNING] ⚠️ React Router Future Flag Warning: React Router will begin wrapping state updates in `React.startTransition` in v7. You can use the `v7_startTransition` future flag to opt-in early. For more information, see https://reactrouter.com/v6/upgrading/future#v7_starttransition. @ http://localhost:3000/static/js/bundle.js:90575
[   22935ms] [WARNING] ⚠️ React Router Future Flag Warning: Relative route resolution within Splat routes is changing in v7. You can use the `v7_relativeSplatPath` future flag to opt-in early. For more information, see https://reactrouter.com/v6/upgrading/future#v7_relativesplatpath. @ http://localhost:3000/static/js/bundle.js:90575
[   22935ms] [INFO] [INFO] Initializing authentication @ http://localhost:3000/static/js/bundle.js:138342
[   22935ms] [LOG] [DEBUG] Retrieved auth data from localStorage null @ http://localhost:3000/static/js/bundle.js:138333
[   22935ms] [LOG] [DEBUG] Access token retrieved: No token found @ http://localhost:3000/static/js/bundle.js:138333
[   22935ms] [LOG] [DEBUG] No existing token found @ http://localhost:3000/static/js/bundle.js:138333
[   22935ms] [LOG] [DEBUG] Getting current user information @ http://localhost:3000/static/js/bundle.js:138333
[   22935ms] [LOG] [DEBUG] Retrieved auth data from localStorage null @ http://localhost:3000/static/js/bundle.js:138333
[   22935ms] [LOG] [DEBUG] Access token retrieved: No token found @ http://localhost:3000/static/js/bundle.js:138333
[   22935ms] [LOG] [DEBUG] No access token available, user not logged in @ http://localhost:3000/static/js/bundle.js:138333
[   22936ms] [INFO] [INFO] Initializing authentication @ http://localhost:3000/static/js/bundle.js:138342
[   22936ms] [LOG] [DEBUG] Retrieved auth data from localStorage null @ http://localhost:3000/static/js/bundle.js:138333
[   22936ms] [LOG] [DEBUG] Access token retrieved: No token found @ http://localhost:3000/static/js/bundle.js:138333
[   22936ms] [LOG] [DEBUG] No existing token found @ http://localhost:3000/static/js/bundle.js:138333
[   22936ms] [LOG] [DEBUG] Getting current user information @ http://localhost:3000/static/js/bundle.js:138333
[   22936ms] [LOG] [DEBUG] Retrieved auth data from localStorage null @ http://localhost:3000/static/js/bundle.js:138333
[   22936ms] [LOG] [DEBUG] Access token retrieved: No token found @ http://localhost:3000/static/js/bundle.js:138333
[   22936ms] [LOG] [DEBUG] No access token available, user not logged in @ http://localhost:3000/static/js/bundle.js:138333
[   22936ms] [LOG] [DEBUG] Starting Request {url: http://localhost:8000/api/cars?limit=6&order=created_at.desc, method: get, headers: AxiosHeaders, data: undefined} @ http://localhost:3000/static/js/bundle.js:138333
[   22937ms] [LOG] Syncing auth state with Supabase @ http://localhost:3000/static/js/bundle.js:133043
[   22937ms] [LOG] [DEBUG] Getting current user information @ http://localhost:3000/static/js/bundle.js:138333
[   22937ms] [LOG] [DEBUG] Retrieved auth data from localStorage null @ http://localhost:3000/static/js/bundle.js:138333
[   22937ms] [LOG] [DEBUG] Access token retrieved: No token found @ http://localhost:3000/static/js/bundle.js:138333
[   22937ms] [LOG] [DEBUG] No access token available, user not logged in @ http://localhost:3000/static/js/bundle.js:138333
[   22937ms] [LOG] [DEBUG] Starting Request {url: http://localhost:8000/api/cars?limit=6&order=created_at.desc, method: get, headers: AxiosHeaders, data: undefined} @ http://localhost:3000/static/js/bundle.js:138333
[   22937ms] [LOG] Syncing auth state with Supabase @ http://localhost:3000/static/js/bundle.js:133043
[   22937ms] [LOG] [DEBUG] Getting current user information @ http://localhost:3000/static/js/bundle.js:138333
[   22937ms] [LOG] [DEBUG] Retrieved auth data from localStorage null @ http://localhost:3000/static/js/bundle.js:138333
[   22937ms] [LOG] [DEBUG] Access token retrieved: No token found @ http://localhost:3000/static/js/bundle.js:138333
[   22937ms] [LOG] [DEBUG] No access token available, user not logged in @ http://localhost:3000/static/js/bundle.js:138333
[   23042ms] [LOG] Supabase auth state changed: INITIAL_SESSION @ http://localhost:3000/static/js/bundle.js:133247
[   23042ms] [LOG] Supabase session check result: {hasSession: false, hasUser: false, error: none, accessToken: missing} @ http://localhost:3000/static/js/bundle.js:133073
[   23042ms] [LOG] No session or user found in context @ http://localhost:3000/static/js/bundle.js:133161
[   23043ms] [LOG] Supabase session check result: {hasSession: false, hasUser: false, error: none, accessToken: missing} @ http://localhost:3000/static/js/bundle.js:133073
[   23043ms] [LOG] No session or user found in context @ http://localhost:3000/static/js/bundle.js:133161
[   23086ms] [LOG] %c[Vercel Web Analytics]%c Debug mode is enabled by default in development. No requests will be sent to the server. color: rgb(120, 120, 120) color: inherit @ https://va.vercel-scripts.com/v1/script.debug.js:0
[   23086ms] [LOG] %c[Vercel Web Analytics]%c [view] http://localhost:3000/ color: rgb(120, 120, 120) color: inherit {o: http://localhost:3000/, sv: 0.1.3, sdkn: @vercel/analytics/react, sdkv: 1.5.0, ts: 1775555701737} /_vercel/insights/view @ https://va.vercel-scripts.com/v1/script.debug.js:0
[   23093ms] [LOG] %c[Vercel Speed Insights]%c Debug mode is enabled by default in development. No requests will be sent to the server. color: rgb(120, 120, 120) color: inherit @ https://va.vercel-scripts.com/v1/speed-insights/script.debug.js:0
[   23510ms] [LOG] [DEBUG] Response: {status: 200, headers: AxiosHeaders, data: Array(1)} @ http://localhost:3000/static/js/bundle.js:138333
[   24035ms] [LOG] [DEBUG] Response: {status: 200, headers: AxiosHeaders, data: Array(1)} @ http://localhost:3000/static/js/bundle.js:138333
