[      55ms] [LOG] %c[Vercel Speed Insights]%c [vitals] color: rgb(120, 120, 120) color: inherit {speed: 4g, metrics: Array(3), scriptVersion: 0.1.3, sdkName: @vercel/speed-insights/react, sdkVersion: 1.2.0} /_vercel/speed-insights/vitals @ https://va.vercel-scripts.com/v1/speed-insights/script.debug.js:0
[      55ms] [LOG] %c[Vercel Speed Insights]%c [vitals] color: rgb(120, 120, 120) color: inherit {speed: 4g, metrics: Array(1), scriptVersion: 0.1.3, sdkName: @vercel/speed-insights/react, sdkVersion: 1.2.0} /_vercel/speed-insights/vitals @ https://va.vercel-scripts.com/v1/speed-insights/script.debug.js:0
[      97ms] [INFO] %cDownload the React DevTools for a better development experience: https://reactjs.org/link/react-devtools font-weight:bold @ http://localhost:3000/static/js/bundle.js:89981
[     107ms] [INFO] [INFO] Initializing authentication @ http://localhost:3000/static/js/bundle.js:141199
[     107ms] [LOG] [DEBUG] Retrieved auth data from localStorage {access_token: [REDACTED], expires_at: 1775564785, expires_in: 3600, refresh_token: xeevk3f65hzm, token_type: bearer} @ http://localhost:3000/static/js/bundle.js:141190
[     107ms] [LOG] [DEBUG] Access token retrieved: [REDACTED TOKEN PRESENT] @ http://localhost:3000/static/js/bundle.js:141190
[     107ms] [LOG] [DEBUG] Found existing token, setting auth header @ http://localhost:3000/static/js/bundle.js:141190
[     107ms] [LOG] [DEBUG] Setting Authorization header with token @ http://localhost:3000/static/js/bundle.js:141190
[     107ms] [LOG] [DEBUG] Retrieved auth data from localStorage {access_token: [REDACTED], expires_at: 1775564785, expires_in: 3600, refresh_token: xeevk3f65hzm, token_type: bearer} @ http://localhost:3000/static/js/bundle.js:141190
[     107ms] [LOG] [DEBUG] Saving auth data to localStorage {access_token: [REDACTED], expires_at: 1775564785, expires_in: 3600, refresh_token: xeevk3f65hzm, token_type: bearer} @ http://localhost:3000/static/js/bundle.js:141190
[     120ms] [LOG] CORS check response: 200 @ http://localhost:3000/static/js/bundle.js:138979
[     123ms] [WARNING] ⚠️ React Router Future Flag Warning: React Router will begin wrapping state updates in `React.startTransition` in v7. You can use the `v7_startTransition` future flag to opt-in early. For more information, see https://reactrouter.com/v6/upgrading/future#v7_starttransition. @ http://localhost:3000/static/js/bundle.js:93483
[     123ms] [WARNING] ⚠️ React Router Future Flag Warning: Relative route resolution within Splat routes is changing in v7. You can use the `v7_relativeSplatPath` future flag to opt-in early. For more information, see https://reactrouter.com/v6/upgrading/future#v7_relativesplatpath. @ http://localhost:3000/static/js/bundle.js:93483
[     123ms] [INFO] [INFO] Initializing authentication @ http://localhost:3000/static/js/bundle.js:141199
[     123ms] [LOG] [DEBUG] Retrieved auth data from localStorage {access_token: [REDACTED], expires_at: 1775564785, expires_in: 3600, refresh_token: xeevk3f65hzm, token_type: bearer} @ http://localhost:3000/static/js/bundle.js:141190
[     123ms] [LOG] [DEBUG] Access token retrieved: [REDACTED TOKEN PRESENT] @ http://localhost:3000/static/js/bundle.js:141190
[     123ms] [LOG] [DEBUG] Found existing token, setting auth header @ http://localhost:3000/static/js/bundle.js:141190
[     123ms] [LOG] [DEBUG] Setting Authorization header with token @ http://localhost:3000/static/js/bundle.js:141190
[     123ms] [LOG] [DEBUG] Retrieved auth data from localStorage {access_token: [REDACTED], expires_at: 1775564785, expires_in: 3600, refresh_token: xeevk3f65hzm, token_type: bearer} @ http://localhost:3000/static/js/bundle.js:141190
[     123ms] [LOG] [DEBUG] Saving auth data to localStorage {access_token: [REDACTED], expires_at: 1775564785, expires_in: 3600, refresh_token: xeevk3f65hzm, token_type: bearer} @ http://localhost:3000/static/js/bundle.js:141190
[     123ms] [LOG] [DEBUG] Getting current user information @ http://localhost:3000/static/js/bundle.js:141190
[     123ms] [LOG] [DEBUG] Retrieved auth data from localStorage {access_token: [REDACTED], expires_at: 1775564785, expires_in: 3600, refresh_token: xeevk3f65hzm, token_type: bearer} @ http://localhost:3000/static/js/bundle.js:141190
[     123ms] [LOG] [DEBUG] Access token retrieved: [REDACTED TOKEN PRESENT] @ http://localhost:3000/static/js/bundle.js:141190
[     123ms] [LOG] [DEBUG] Sending request to http://localhost:8000/api/auth/me with token @ http://localhost:3000/static/js/bundle.js:141190
[     123ms] [INFO] [INFO] Initializing authentication @ http://localhost:3000/static/js/bundle.js:141199
[     123ms] [LOG] [DEBUG] Retrieved auth data from localStorage {access_token: [REDACTED], expires_at: 1775564785, expires_in: 3600, refresh_token: xeevk3f65hzm, token_type: bearer} @ http://localhost:3000/static/js/bundle.js:141190
[     123ms] [LOG] [DEBUG] Access token retrieved: [REDACTED TOKEN PRESENT] @ http://localhost:3000/static/js/bundle.js:141190
[     123ms] [LOG] [DEBUG] Found existing token, setting auth header @ http://localhost:3000/static/js/bundle.js:141190
[     123ms] [LOG] [DEBUG] Setting Authorization header with token @ http://localhost:3000/static/js/bundle.js:141190
[     123ms] [LOG] [DEBUG] Retrieved auth data from localStorage {access_token: [REDACTED], expires_at: 1775564785, expires_in: 3600, refresh_token: xeevk3f65hzm, token_type: bearer} @ http://localhost:3000/static/js/bundle.js:141190
[     123ms] [LOG] [DEBUG] Saving auth data to localStorage {access_token: [REDACTED], expires_at: 1775564785, expires_in: 3600, refresh_token: xeevk3f65hzm, token_type: bearer} @ http://localhost:3000/static/js/bundle.js:141190
[     123ms] [LOG] [DEBUG] Getting current user information @ http://localhost:3000/static/js/bundle.js:141190
[     123ms] [LOG] [DEBUG] Retrieved auth data from localStorage {access_token: [REDACTED], expires_at: 1775564785, expires_in: 3600, refresh_token: xeevk3f65hzm, token_type: bearer} @ http://localhost:3000/static/js/bundle.js:141190
[     123ms] [LOG] [DEBUG] Access token retrieved: [REDACTED TOKEN PRESENT] @ http://localhost:3000/static/js/bundle.js:141190
[     123ms] [LOG] [DEBUG] Sending request to http://localhost:8000/api/auth/me with token @ http://localhost:3000/static/js/bundle.js:141190
[     123ms] [LOG] [DEBUG] Starting Request {url: http://localhost:8000/api/auth/me, method: get, headers: AxiosHeaders, data: undefined} @ http://localhost:3000/static/js/bundle.js:141190
[     123ms] [LOG] [DEBUG] Starting Request {url: http://localhost:8000/api/auth/me, method: get, headers: AxiosHeaders, data: undefined} @ http://localhost:3000/static/js/bundle.js:141190
[     128ms] [LOG] %c[Vercel Web Analytics]%c Debug mode is enabled by default in development. No requests will be sent to the server. color: rgb(120, 120, 120) color: inherit @ https://va.vercel-scripts.com/v1/script.debug.js:0
[     128ms] [LOG] %c[Vercel Web Analytics]%c [view] http://localhost:3000/bikes color: rgb(120, 120, 120) color: inherit {o: http://localhost:3000/bikes, sv: 0.1.3, sdkn: @vercel/analytics/react, sdkv: 1.5.0, ts: 1775561560954} /_vercel/insights/view @ https://va.vercel-scripts.com/v1/script.debug.js:0
[     128ms] [LOG] %c[Vercel Speed Insights]%c Debug mode is enabled by default in development. No requests will be sent to the server. color: rgb(120, 120, 120) color: inherit @ https://va.vercel-scripts.com/v1/speed-insights/script.debug.js:0
[     151ms] [LOG] Supabase auth state changed: INITIAL_SESSION @ http://localhost:3000/static/js/bundle.js:135997
[     794ms] [LOG] [DEBUG] Response: {status: 200, headers: AxiosHeaders, data: Object} @ http://localhost:3000/static/js/bundle.js:141190
[     794ms] [INFO] [INFO] User info retrieved successfully: {created_at: 2025-04-05T23:16:21.883674+00:00, dealer_verified: false, email: suhaylindubai@gmail.com, email_verified: true, id: 07e19ebc-cf63-4cd9-8a72-6eef81eb1201} @ http://localhost:3000/static/js/bundle.js:141199
[     794ms] [LOG] Backend user found: suhaylindubai@gmail.com @ http://localhost:3000/static/js/bundle.js:135969
[    1617ms] [LOG] [DEBUG] Response: {status: 200, headers: AxiosHeaders, data: Object} @ http://localhost:3000/static/js/bundle.js:141190
[    1617ms] [INFO] [INFO] User info retrieved successfully: {created_at: 2025-04-05T23:16:21.883674+00:00, dealer_verified: false, email: suhaylindubai@gmail.com, email_verified: true, id: 07e19ebc-cf63-4cd9-8a72-6eef81eb1201} @ http://localhost:3000/static/js/bundle.js:141199
[    1617ms] [LOG] Backend user found: suhaylindubai@gmail.com @ http://localhost:3000/static/js/bundle.js:135969
