[      30ms] [LOG] %c[Vercel Speed Insights]%c [vitals] color: rgb(120, 120, 120) color: inherit {speed: 4g, metrics: Array(3), scriptVersion: 0.1.3, sdkName: @vercel/speed-insights/react, sdkVersion: 1.2.0} /_vercel/speed-insights/vitals @ https://va.vercel-scripts.com/v1/speed-insights/script.debug.js:0
[      30ms] [LOG] %c[Vercel Speed Insights]%c [vitals] color: rgb(120, 120, 120) color: inherit {speed: 4g, metrics: Array(1), scriptVersion: 0.1.3, sdkName: @vercel/speed-insights/react, sdkVersion: 1.2.0} /_vercel/speed-insights/vitals @ https://va.vercel-scripts.com/v1/speed-insights/script.debug.js:0
[      31ms] [ERROR] Direct fetch failed: TypeError: Failed to fetch
    at fetchPlates (http://localhost:3000/static/js/bundle.js:122460:38)
    at http://localhost:3000/static/js/bundle.js:122555:5
    at commitHookEffectListMount (http://localhost:3000/static/js/bundle.js:83638:30)
    at invokePassiveEffectMountInDEV (http://localhost:3000/static/js/bundle.js:85327:17)
    at invokeEffectsInDev (http://localhost:3000/static/js/bundle.js:87224:15)
    at commitDoubleInvokeEffectsInDEV (http://localhost:3000/static/js/bundle.js:87207:11)
    at flushPassiveEffectsImpl (http://localhost:3000/static/js/bundle.js:86980:9)
    at flushPassiveEffects (http://localhost:3000/static/js/bundle.js:86919:18)
    at http://localhost:3000/static/js/bundle.js:86734:13
    at workLoop (http://localhost:3000/static/js/bundle.js:97221:38) @ http://localhost:3000/static/js/bundle.js:122494
[      31ms] [LOG] User not logged in and direct fetch failed @ http://localhost:3000/static/js/bundle.js:122541
[      31ms] [ERROR] Direct fetch failed: TypeError: Failed to fetch
    at fetchPlates (http://localhost:3000/static/js/bundle.js:122460:38)
    at http://localhost:3000/static/js/bundle.js:122555:5
    at commitHookEffectListMount (http://localhost:3000/static/js/bundle.js:83638:30)
    at commitPassiveMountOnFiber (http://localhost:3000/static/js/bundle.js:85131:17)
    at commitPassiveMountEffects_complete (http://localhost:3000/static/js/bundle.js:85103:13)
    at commitPassiveMountEffects_begin (http://localhost:3000/static/js/bundle.js:85093:11)
    at commitPassiveMountEffects (http://localhost:3000/static/js/bundle.js:85083:7)
    at flushPassiveEffectsImpl (http://localhost:3000/static/js/bundle.js:86966:7)
    at flushPassiveEffects (http://localhost:3000/static/js/bundle.js:86919:18)
    at http://localhost:3000/static/js/bundle.js:86734:13 @ http://localhost:3000/static/js/bundle.js:122494
[      31ms] [LOG] User not logged in and direct fetch failed @ http://localhost:3000/static/js/bundle.js:122541
[      38ms] [INFO] %cDownload the React DevTools for a better development experience: https://reactjs.org/link/react-devtools font-weight:bold @ http://localhost:3000/static/js/bundle.js:89343
[      49ms] [INFO] [INFO] Initializing authentication @ http://localhost:3000/static/js/bundle.js:140528
[      49ms] [LOG] [DEBUG] Retrieved auth data from localStorage null @ http://localhost:3000/static/js/bundle.js:140519
[      49ms] [LOG] [DEBUG] Access token retrieved: No token found @ http://localhost:3000/static/js/bundle.js:140519
[      49ms] [LOG] [DEBUG] No existing token found @ http://localhost:3000/static/js/bundle.js:140519
[      51ms] [LOG] CORS check response: 200 @ http://localhost:3000/static/js/bundle.js:138308
[      53ms] [LOG] DEBUG: Making GET request to /api/parts {options: Object} @ http://localhost:3000/static/js/bundle.js:138513
[      53ms] [LOG] Getting best available access token @ http://localhost:3000/static/js/bundle.js:140876
[      54ms] [WARNING] ⚠️ React Router Future Flag Warning: React Router will begin wrapping state updates in `React.startTransition` in v7. You can use the `v7_startTransition` future flag to opt-in early. For more information, see https://reactrouter.com/v6/upgrading/future#v7_starttransition. @ http://localhost:3000/static/js/bundle.js:92845
[      54ms] [WARNING] ⚠️ React Router Future Flag Warning: Relative route resolution within Splat routes is changing in v7. You can use the `v7_relativeSplatPath` future flag to opt-in early. For more information, see https://reactrouter.com/v6/upgrading/future#v7_relativesplatpath. @ http://localhost:3000/static/js/bundle.js:92845
[      54ms] [INFO] [INFO] Initializing authentication @ http://localhost:3000/static/js/bundle.js:140528
[      54ms] [LOG] [DEBUG] Retrieved auth data from localStorage null @ http://localhost:3000/static/js/bundle.js:140519
[      54ms] [LOG] [DEBUG] Access token retrieved: No token found @ http://localhost:3000/static/js/bundle.js:140519
[      54ms] [LOG] [DEBUG] No existing token found @ http://localhost:3000/static/js/bundle.js:140519
[      54ms] [LOG] [DEBUG] Getting current user information @ http://localhost:3000/static/js/bundle.js:140519
[      54ms] [LOG] [DEBUG] Retrieved auth data from localStorage null @ http://localhost:3000/static/js/bundle.js:140519
[      54ms] [LOG] [DEBUG] Access token retrieved: No token found @ http://localhost:3000/static/js/bundle.js:140519
[      54ms] [LOG] [DEBUG] No access token available, user not logged in @ http://localhost:3000/static/js/bundle.js:140519
[      54ms] [LOG] DEBUG: Making GET request to /api/parts {options: Object} @ http://localhost:3000/static/js/bundle.js:138513
[      54ms] [LOG] Getting best available access token @ http://localhost:3000/static/js/bundle.js:140876
[      54ms] [INFO] [INFO] Initializing authentication @ http://localhost:3000/static/js/bundle.js:140528
[      54ms] [LOG] [DEBUG] Retrieved auth data from localStorage null @ http://localhost:3000/static/js/bundle.js:140519
[      54ms] [LOG] [DEBUG] Access token retrieved: No token found @ http://localhost:3000/static/js/bundle.js:140519
[      54ms] [LOG] [DEBUG] No existing token found @ http://localhost:3000/static/js/bundle.js:140519
[      54ms] [LOG] [DEBUG] Getting current user information @ http://localhost:3000/static/js/bundle.js:140519
[      54ms] [LOG] [DEBUG] Retrieved auth data from localStorage null @ http://localhost:3000/static/js/bundle.js:140519
[      54ms] [LOG] [DEBUG] Access token retrieved: No token found @ http://localhost:3000/static/js/bundle.js:140519
[      54ms] [LOG] [DEBUG] No access token available, user not logged in @ http://localhost:3000/static/js/bundle.js:140519
[      54ms] [LOG] Syncing auth state with Supabase @ http://localhost:3000/static/js/bundle.js:135122
[      54ms] [LOG] [DEBUG] Getting current user information @ http://localhost:3000/static/js/bundle.js:140519
[      54ms] [LOG] [DEBUG] Retrieved auth data from localStorage null @ http://localhost:3000/static/js/bundle.js:140519
[      54ms] [LOG] [DEBUG] Access token retrieved: No token found @ http://localhost:3000/static/js/bundle.js:140519
[      54ms] [LOG] [DEBUG] No access token available, user not logged in @ http://localhost:3000/static/js/bundle.js:140519
[      54ms] [LOG] Syncing auth state with Supabase @ http://localhost:3000/static/js/bundle.js:135122
[      54ms] [LOG] [DEBUG] Getting current user information @ http://localhost:3000/static/js/bundle.js:140519
[      54ms] [LOG] [DEBUG] Retrieved auth data from localStorage null @ http://localhost:3000/static/js/bundle.js:140519
[      54ms] [LOG] [DEBUG] Access token retrieved: No token found @ http://localhost:3000/static/js/bundle.js:140519
[      54ms] [LOG] [DEBUG] No access token available, user not logged in @ http://localhost:3000/static/js/bundle.js:140519
[      58ms] [LOG] %c[Vercel Web Analytics]%c Debug mode is enabled by default in development. No requests will be sent to the server. color: rgb(120, 120, 120) color: inherit @ https://va.vercel-scripts.com/v1/script.debug.js:0
[      58ms] [LOG] %c[Vercel Web Analytics]%c [view] http://localhost:3000/car-parts color: rgb(120, 120, 120) color: inherit {o: http://localhost:3000/car-parts, sv: 0.1.3, sdkn: @vercel/analytics/react, sdkv: 1.5.0, ts: 1775561172466} /_vercel/insights/view @ https://va.vercel-scripts.com/v1/script.debug.js:0
[      58ms] [LOG] %c[Vercel Speed Insights]%c Debug mode is enabled by default in development. No requests will be sent to the server. color: rgb(120, 120, 120) color: inherit @ https://va.vercel-scripts.com/v1/speed-insights/script.debug.js:0
[      90ms] [LOG] Supabase auth state changed: INITIAL_SESSION @ http://localhost:3000/static/js/bundle.js:135326
[      90ms] [LOG] Supabase session check result: {hasSession: false, hasUser: false, error: none, accessToken: missing} @ http://localhost:3000/static/js/bundle.js:135152
[      90ms] [LOG] No session or user found in context @ http://localhost:3000/static/js/bundle.js:135240
[      91ms] [LOG] Supabase session check result: {hasSession: false, hasUser: false, error: none, accessToken: missing} @ http://localhost:3000/static/js/bundle.js:135152
[      91ms] [LOG] No session or user found in context @ http://localhost:3000/static/js/bundle.js:135240
[      91ms] [LOG] No valid token found, redirecting to login... @ http://localhost:3000/static/js/bundle.js:140919
[      91ms] [ERROR] No authentication token available - user might not be logged in @ http://localhost:3000/static/js/bundle.js:138350
[      91ms] [ERROR] API request to /api/parts failed: Error: Authentication failed. Please log in again.
    at Object.request (http://localhost:3000/static/js/bundle.js:138354:23)
    at async Object.get (http://localhost:3000/static/js/bundle.js:138518:22)
    at async fetchCarParts (http://localhost:3000/static/js/bundle.js:112458:26) @ http://localhost:3000/static/js/bundle.js:138502
[      91ms] [ERROR] DEBUG: GET request to /api/parts failed: Error: Authentication failed. Please log in again.
    at Object.request (http://localhost:3000/static/js/bundle.js:138354:23)
    at async Object.get (http://localhost:3000/static/js/bundle.js:138518:22)
    at async fetchCarParts (http://localhost:3000/static/js/bundle.js:112458:26) @ http://localhost:3000/static/js/bundle.js:138526
[      91ms] [ERROR] Error fetching car parts: Error: Authentication failed. Please log in again.
    at Object.request (http://localhost:3000/static/js/bundle.js:138354:23)
    at async Object.get (http://localhost:3000/static/js/bundle.js:138518:22)
    at async fetchCarParts (http://localhost:3000/static/js/bundle.js:112458:26) @ http://localhost:3000/static/js/bundle.js:112464
[      92ms] [LOG] No valid token found, redirecting to login... @ http://localhost:3000/static/js/bundle.js:140919
[      92ms] [ERROR] No authentication token available - user might not be logged in @ http://localhost:3000/static/js/bundle.js:138350
[      92ms] [ERROR] API request to /api/parts failed: Error: Authentication failed. Please log in again.
    at Object.request (http://localhost:3000/static/js/bundle.js:138354:23)
    at async Object.get (http://localhost:3000/static/js/bundle.js:138518:22)
    at async fetchCarParts (http://localhost:3000/static/js/bundle.js:112458:26) @ http://localhost:3000/static/js/bundle.js:138502
[      92ms] [ERROR] DEBUG: GET request to /api/parts failed: Error: Authentication failed. Please log in again.
    at Object.request (http://localhost:3000/static/js/bundle.js:138354:23)
    at async Object.get (http://localhost:3000/static/js/bundle.js:138518:22)
    at async fetchCarParts (http://localhost:3000/static/js/bundle.js:112458:26) @ http://localhost:3000/static/js/bundle.js:138526
[      92ms] [ERROR] Error fetching car parts: Error: Authentication failed. Please log in again.
    at Object.request (http://localhost:3000/static/js/bundle.js:138354:23)
    at async Object.get (http://localhost:3000/static/js/bundle.js:138518:22)
    at async fetchCarParts (http://localhost:3000/static/js/bundle.js:112458:26) @ http://localhost:3000/static/js/bundle.js:112464
[     147ms] [LOG] %c[Vercel Speed Insights]%c [vitals] color: rgb(120, 120, 120) color: inherit {speed: 4g, metrics: Array(3), scriptVersion: 0.1.3, sdkName: @vercel/speed-insights/react, sdkVersion: 1.2.0} /_vercel/speed-insights/vitals @ https://va.vercel-scripts.com/v1/speed-insights/script.debug.js:0
[     147ms] [LOG] %c[Vercel Speed Insights]%c [vitals] color: rgb(120, 120, 120) color: inherit {speed: 4g, metrics: Array(1), scriptVersion: 0.1.3, sdkName: @vercel/speed-insights/react, sdkVersion: 1.2.0} /_vercel/speed-insights/vitals @ https://va.vercel-scripts.com/v1/speed-insights/script.debug.js:0
[     154ms] [INFO] %cDownload the React DevTools for a better development experience: https://reactjs.org/link/react-devtools font-weight:bold @ http://localhost:3000/static/js/bundle.js:89343
[     165ms] [INFO] [INFO] Initializing authentication @ http://localhost:3000/static/js/bundle.js:140528
[     165ms] [LOG] [DEBUG] Retrieved auth data from localStorage null @ http://localhost:3000/static/js/bundle.js:140519
[     165ms] [LOG] [DEBUG] Access token retrieved: No token found @ http://localhost:3000/static/js/bundle.js:140519
[     165ms] [LOG] [DEBUG] No existing token found @ http://localhost:3000/static/js/bundle.js:140519
[     166ms] [LOG] CORS check response: 200 @ http://localhost:3000/static/js/bundle.js:138308
[     169ms] [WARNING] ⚠️ React Router Future Flag Warning: React Router will begin wrapping state updates in `React.startTransition` in v7. You can use the `v7_startTransition` future flag to opt-in early. For more information, see https://reactrouter.com/v6/upgrading/future#v7_starttransition. @ http://localhost:3000/static/js/bundle.js:92845
[     169ms] [WARNING] ⚠️ React Router Future Flag Warning: Relative route resolution within Splat routes is changing in v7. You can use the `v7_relativeSplatPath` future flag to opt-in early. For more information, see https://reactrouter.com/v6/upgrading/future#v7_relativesplatpath. @ http://localhost:3000/static/js/bundle.js:92845
[     169ms] [INFO] [INFO] Initializing authentication @ http://localhost:3000/static/js/bundle.js:140528
[     169ms] [LOG] [DEBUG] Retrieved auth data from localStorage null @ http://localhost:3000/static/js/bundle.js:140519
[     169ms] [LOG] [DEBUG] Access token retrieved: No token found @ http://localhost:3000/static/js/bundle.js:140519
[     169ms] [LOG] [DEBUG] No existing token found @ http://localhost:3000/static/js/bundle.js:140519
[     169ms] [LOG] [DEBUG] Getting current user information @ http://localhost:3000/static/js/bundle.js:140519
[     169ms] [LOG] [DEBUG] Retrieved auth data from localStorage null @ http://localhost:3000/static/js/bundle.js:140519
[     169ms] [LOG] [DEBUG] Access token retrieved: No token found @ http://localhost:3000/static/js/bundle.js:140519
[     169ms] [LOG] [DEBUG] No access token available, user not logged in @ http://localhost:3000/static/js/bundle.js:140519
[     169ms] [INFO] [INFO] Initializing authentication @ http://localhost:3000/static/js/bundle.js:140528
[     169ms] [LOG] [DEBUG] Retrieved auth data from localStorage null @ http://localhost:3000/static/js/bundle.js:140519
[     169ms] [LOG] [DEBUG] Access token retrieved: No token found @ http://localhost:3000/static/js/bundle.js:140519
[     169ms] [LOG] [DEBUG] No existing token found @ http://localhost:3000/static/js/bundle.js:140519
[     169ms] [LOG] [DEBUG] Getting current user information @ http://localhost:3000/static/js/bundle.js:140519
[     169ms] [LOG] [DEBUG] Retrieved auth data from localStorage null @ http://localhost:3000/static/js/bundle.js:140519
[     169ms] [LOG] [DEBUG] Access token retrieved: No token found @ http://localhost:3000/static/js/bundle.js:140519
[     169ms] [LOG] [DEBUG] No access token available, user not logged in @ http://localhost:3000/static/js/bundle.js:140519
[     169ms] [LOG] Syncing auth state with Supabase @ http://localhost:3000/static/js/bundle.js:135122
[     169ms] [LOG] [DEBUG] Getting current user information @ http://localhost:3000/static/js/bundle.js:140519
[     169ms] [LOG] [DEBUG] Retrieved auth data from localStorage null @ http://localhost:3000/static/js/bundle.js:140519
[     170ms] [LOG] [DEBUG] Access token retrieved: No token found @ http://localhost:3000/static/js/bundle.js:140519
[     170ms] [LOG] [DEBUG] No access token available, user not logged in @ http://localhost:3000/static/js/bundle.js:140519
[     170ms] [LOG] Syncing auth state with Supabase @ http://localhost:3000/static/js/bundle.js:135122
[     170ms] [LOG] [DEBUG] Getting current user information @ http://localhost:3000/static/js/bundle.js:140519
[     170ms] [LOG] [DEBUG] Retrieved auth data from localStorage null @ http://localhost:3000/static/js/bundle.js:140519
[     170ms] [LOG] [DEBUG] Access token retrieved: No token found @ http://localhost:3000/static/js/bundle.js:140519
[     170ms] [LOG] [DEBUG] No access token available, user not logged in @ http://localhost:3000/static/js/bundle.js:140519
[     175ms] [LOG] %c[Vercel Web Analytics]%c Debug mode is enabled by default in development. No requests will be sent to the server. color: rgb(120, 120, 120) color: inherit @ https://va.vercel-scripts.com/v1/script.debug.js:0
[     175ms] [LOG] %c[Vercel Web Analytics]%c [view] http://localhost:3000/login color: rgb(120, 120, 120) color: inherit {o: http://localhost:3000/login, sv: 0.1.3, sdkn: @vercel/analytics/react, sdkv: 1.5.0, ts: 1775561172583} /_vercel/insights/view @ https://va.vercel-scripts.com/v1/script.debug.js:0
[     176ms] [LOG] %c[Vercel Speed Insights]%c Debug mode is enabled by default in development. No requests will be sent to the server. color: rgb(120, 120, 120) color: inherit @ https://va.vercel-scripts.com/v1/speed-insights/script.debug.js:0
[     197ms] [LOG] Supabase auth state changed: INITIAL_SESSION @ http://localhost:3000/static/js/bundle.js:135326
[     197ms] [LOG] Supabase session check result: {hasSession: false, hasUser: false, error: none, accessToken: missing} @ http://localhost:3000/static/js/bundle.js:135152
[     197ms] [LOG] No session or user found in context @ http://localhost:3000/static/js/bundle.js:135240
[     198ms] [LOG] Supabase session check result: {hasSession: false, hasUser: false, error: none, accessToken: missing} @ http://localhost:3000/static/js/bundle.js:135152
[     198ms] [LOG] No session or user found in context @ http://localhost:3000/static/js/bundle.js:135240
[   12580ms] [LOG] Attempting to sign in with: suhaylindubai@gmail.com @ http://localhost:3000/static/js/bundle.js:120002
[   12581ms] [INFO] [INFO] Attempting to sign in user: suhaylindubai@gmail.com @ http://localhost:3000/static/js/bundle.js:140528
[   12581ms] [LOG] [DEBUG] Sending login request to http://localhost:8000/api/auth/login @ http://localhost:3000/static/js/bundle.js:140519
[   12582ms] [LOG] [DEBUG] Starting Request {url: http://localhost:8000/api/auth/login, method: post, headers: AxiosHeaders, data: Object} @ http://localhost:3000/static/js/bundle.js:140519
[   13732ms] [LOG] [DEBUG] Response: {status: 200, headers: AxiosHeaders, data: Object} @ http://localhost:3000/static/js/bundle.js:140519
[   13732ms] [INFO] [INFO] Login successful, received token @ http://localhost:3000/static/js/bundle.js:140528
[   13732ms] [LOG] [DEBUG] Saving auth data to localStorage {access_token: [REDACTED], expires_at: 1775564785, expires_in: 3600, refresh_token: xeevk3f65hzm, token_type: bearer} @ http://localhost:3000/static/js/bundle.js:140519
[   13732ms] [LOG] [DEBUG] Setting Authorization header with token @ http://localhost:3000/static/js/bundle.js:140519
[   13732ms] [LOG] [DEBUG] Retrieved auth data from localStorage {access_token: [REDACTED], expires_at: 1775564785, expires_in: 3600, refresh_token: xeevk3f65hzm, token_type: bearer} @ http://localhost:3000/static/js/bundle.js:140519
[   13732ms] [LOG] [DEBUG] Saving auth data to localStorage {access_token: [REDACTED], expires_at: 1775564785, expires_in: 3600, refresh_token: xeevk3f65hzm, token_type: bearer} @ http://localhost:3000/static/js/bundle.js:140519
[   13732ms] [LOG] Login successful, using user data from response: suhaylindubai@gmail.com @ http://localhost:3000/static/js/bundle.js:135389
[   13732ms] [LOG] Syncing auth state with Supabase @ http://localhost:3000/static/js/bundle.js:135122
[   13732ms] [LOG] [DEBUG] Getting current user information @ http://localhost:3000/static/js/bundle.js:140519
[   13732ms] [LOG] [DEBUG] Retrieved auth data from localStorage {access_token: [REDACTED], expires_at: 1775564785, expires_in: 3600, refresh_token: xeevk3f65hzm, token_type: bearer} @ http://localhost:3000/static/js/bundle.js:140519
[   13732ms] [LOG] [DEBUG] Access token retrieved: [REDACTED TOKEN PRESENT] @ http://localhost:3000/static/js/bundle.js:140519
[   13732ms] [LOG] [DEBUG] Sending request to http://localhost:8000/api/auth/me with token @ http://localhost:3000/static/js/bundle.js:140519
[   13732ms] [LOG] [DEBUG] Starting Request {url: http://localhost:8000/api/auth/me, method: get, headers: AxiosHeaders, data: undefined} @ http://localhost:3000/static/js/bundle.js:140519
[   14358ms] [LOG] [DEBUG] Response: {status: 200, headers: AxiosHeaders, data: Object} @ http://localhost:3000/static/js/bundle.js:140519
[   14358ms] [INFO] [INFO] User info retrieved successfully: {created_at: 2025-04-05T23:16:21.883674+00:00, dealer_verified: false, email: suhaylindubai@gmail.com, email_verified: true, id: 07e19ebc-cf63-4cd9-8a72-6eef81eb1201} @ http://localhost:3000/static/js/bundle.js:140528
[   14358ms] [LOG] Backend user found: suhaylindubai@gmail.com Admin: true @ http://localhost:3000/static/js/bundle.js:135131
[   14358ms] [LOG] Login successful, syncing with Supabase @ http://localhost:3000/static/js/bundle.js:120004
[   14358ms] [LOG] Syncing auth state with Supabase @ http://localhost:3000/static/js/bundle.js:135122
[   14358ms] [LOG] [DEBUG] Getting current user information @ http://localhost:3000/static/js/bundle.js:140519
[   14358ms] [LOG] [DEBUG] Retrieved auth data from localStorage {access_token: [REDACTED], expires_at: 1775564785, expires_in: 3600, refresh_token: xeevk3f65hzm, token_type: bearer} @ http://localhost:3000/static/js/bundle.js:140519
[   14358ms] [LOG] [DEBUG] Access token retrieved: [REDACTED TOKEN PRESENT] @ http://localhost:3000/static/js/bundle.js:140519
[   14358ms] [LOG] [DEBUG] Sending request to http://localhost:8000/api/auth/me with token @ http://localhost:3000/static/js/bundle.js:140519
[   14359ms] [LOG] [DEBUG] Starting Request {url: http://localhost:8000/api/auth/me, method: get, headers: AxiosHeaders, data: undefined} @ http://localhost:3000/static/js/bundle.js:140519
[   14980ms] [LOG] [DEBUG] Response: {status: 200, headers: AxiosHeaders, data: Object} @ http://localhost:3000/static/js/bundle.js:140519
[   14980ms] [INFO] [INFO] User info retrieved successfully: {created_at: 2025-04-05T23:16:21.883674+00:00, dealer_verified: false, email: suhaylindubai@gmail.com, email_verified: true, id: 07e19ebc-cf63-4cd9-8a72-6eef81eb1201} @ http://localhost:3000/static/js/bundle.js:140528
[   14980ms] [LOG] Backend user found: suhaylindubai@gmail.com Admin: true @ http://localhost:3000/static/js/bundle.js:135131
[   14980ms] [LOG] Login and sync successful, navigating to profile @ http://localhost:3000/static/js/bundle.js:120015
[   14981ms] [LOG] %c[Vercel Speed Insights]%c [vitals] color: rgb(120, 120, 120) color: inherit {speed: 4g, metrics: Array(4), scriptVersion: 0.1.3, sdkName: @vercel/speed-insights/react, sdkVersion: 1.2.0} /_vercel/speed-insights/vitals @ https://va.vercel-scripts.com/v1/speed-insights/script.debug.js:0
[   14981ms] [LOG] %c[Vercel Web Analytics]%c [view] http://localhost:3000/profile color: rgb(120, 120, 120) color: inherit {o: http://localhost:3000/profile, sv: 0.1.3, sdkn: @vercel/analytics/react, sdkv: 1.5.0, ts: 1775561187388} /_vercel/insights/view @ https://va.vercel-scripts.com/v1/script.debug.js:0
[   14994ms] [LOG] Profile component mounted, fetching fresh data for user: 07e19ebc-cf63-4cd9-8a72-6eef81eb1201 @ http://localhost:3000/static/js/bundle.js:129822
[   14994ms] [LOG] [DEBUG] Retrieved auth data from localStorage {access_token: [REDACTED], expires_at: 1775564785, expires_in: 3600, refresh_token: xeevk3f65hzm, token_type: bearer} @ http://localhost:3000/static/js/bundle.js:140519
[   14994ms] [LOG] [DEBUG] Access token retrieved: [REDACTED TOKEN PRESENT] @ http://localhost:3000/static/js/bundle.js:140519
[   14994ms] [LOG] Fetching fresh profile data with token @ http://localhost:3000/static/js/bundle.js:129845
[   14994ms] [LOG] [DEBUG] Retrieved auth data from localStorage {access_token: [REDACTED], expires_at: 1775564785, expires_in: 3600, refresh_token: xeevk3f65hzm, token_type: bearer} @ http://localhost:3000/static/js/bundle.js:140519
[   14994ms] [LOG] [DEBUG] Access token retrieved: [REDACTED TOKEN PRESENT] @ http://localhost:3000/static/js/bundle.js:140519
[   14994ms] [LOG] Profile completion calculated: {percentage: 10, missingFields: Array(15), completedFields: Array(1), totalFields: 16, completedCount: 1} @ http://localhost:3000/static/js/bundle.js:129834
[   14994ms] [LOG] Profile component mounted, fetching fresh data for user: 07e19ebc-cf63-4cd9-8a72-6eef81eb1201 @ http://localhost:3000/static/js/bundle.js:129822
[   14994ms] [LOG] [DEBUG] Retrieved auth data from localStorage {access_token: [REDACTED], expires_at: 1775564785, expires_in: 3600, refresh_token: xeevk3f65hzm, token_type: bearer} @ http://localhost:3000/static/js/bundle.js:140519
[   14994ms] [LOG] [DEBUG] Access token retrieved: [REDACTED TOKEN PRESENT] @ http://localhost:3000/static/js/bundle.js:140519
[   14994ms] [LOG] Fetching fresh profile data with token @ http://localhost:3000/static/js/bundle.js:129845
[   14995ms] [LOG] [DEBUG] Retrieved auth data from localStorage {access_token: [REDACTED], expires_at: 1775564785, expires_in: 3600, refresh_token: xeevk3f65hzm, token_type: bearer} @ http://localhost:3000/static/js/bundle.js:140519
[   14995ms] [LOG] [DEBUG] Access token retrieved: [REDACTED TOKEN PRESENT] @ http://localhost:3000/static/js/bundle.js:140519
[   14995ms] [LOG] Profile completion calculated: {percentage: 10, missingFields: Array(15), completedFields: Array(1), totalFields: 16, completedCount: 1} @ http://localhost:3000/static/js/bundle.js:129834
[   15441ms] [LOG] Fresh profile data fetched successfully: {account_status: active, address: , area: Dubai South , bio: yurr, city: null} @ http://localhost:3000/static/js/bundle.js:129862
[   15443ms] [LOG] Profile completion calculated: {percentage: 70, missingFields: Array(7), completedFields: Array(9), totalFields: 16, completedCount: 9} @ http://localhost:3000/static/js/bundle.js:129834
[   15448ms] [LOG] Fresh profile data fetched successfully: {account_status: active, address: , area: Dubai South , bio: yurr, city: null} @ http://localhost:3000/static/js/bundle.js:129862
[   15450ms] [LOG] Profile completion calculated: {percentage: 70, missingFields: Array(7), completedFields: Array(9), totalFields: 16, completedCount: 9} @ http://localhost:3000/static/js/bundle.js:129834
