[      92ms] [LOG] %c[Vercel Speed Insights]%c [vitals] color: rgb(120, 120, 120) color: inherit {speed: 4g, metrics: Array(3), scriptVersion: 0.1.3, sdkName: @vercel/speed-insights/react, sdkVersion: 1.2.0} /_vercel/speed-insights/vitals @ https://va.vercel-scripts.com/v1/speed-insights/script.debug.js:0
[      93ms] [LOG] %c[Vercel Speed Insights]%c [vitals] color: rgb(120, 120, 120) color: inherit {speed: 4g, metrics: Array(1), scriptVersion: 0.1.3, sdkName: @vercel/speed-insights/react, sdkVersion: 1.2.0} /_vercel/speed-insights/vitals @ https://va.vercel-scripts.com/v1/speed-insights/script.debug.js:0
[     250ms] [INFO] %cDownload the React DevTools for a better development experience: https://reactjs.org/link/react-devtools font-weight:bold @ http://localhost:3000/static/js/bundle.js:87291
[     270ms] [INFO] [INFO] Initializing authentication @ http://localhost:3000/static/js/bundle.js:138511
[     270ms] [LOG] [DEBUG] Retrieved auth data from localStorage null @ http://localhost:3000/static/js/bundle.js:138502
[     270ms] [LOG] [DEBUG] Access token retrieved: No token found @ http://localhost:3000/static/js/bundle.js:138502
[     270ms] [LOG] [DEBUG] No existing token found @ http://localhost:3000/static/js/bundle.js:138502
[     273ms] [LOG] CORS check response: 200 @ http://localhost:3000/static/js/bundle.js:136291
[     287ms] [WARNING] ⚠️ React Router Future Flag Warning: React Router will begin wrapping state updates in `React.startTransition` in v7. You can use the `v7_startTransition` future flag to opt-in early. For more information, see https://reactrouter.com/v6/upgrading/future#v7_starttransition. @ http://localhost:3000/static/js/bundle.js:90793
[     287ms] [WARNING] ⚠️ React Router Future Flag Warning: Relative route resolution within Splat routes is changing in v7. You can use the `v7_relativeSplatPath` future flag to opt-in early. For more information, see https://reactrouter.com/v6/upgrading/future#v7_relativesplatpath. @ http://localhost:3000/static/js/bundle.js:90793
[     287ms] [INFO] [INFO] Initializing authentication @ http://localhost:3000/static/js/bundle.js:138511
[     287ms] [LOG] [DEBUG] Retrieved auth data from localStorage null @ http://localhost:3000/static/js/bundle.js:138502
[     287ms] [LOG] [DEBUG] Access token retrieved: No token found @ http://localhost:3000/static/js/bundle.js:138502
[     287ms] [LOG] [DEBUG] No existing token found @ http://localhost:3000/static/js/bundle.js:138502
[     287ms] [LOG] [DEBUG] Getting current user information @ http://localhost:3000/static/js/bundle.js:138502
[     287ms] [LOG] [DEBUG] Retrieved auth data from localStorage null @ http://localhost:3000/static/js/bundle.js:138502
[     287ms] [LOG] [DEBUG] Access token retrieved: No token found @ http://localhost:3000/static/js/bundle.js:138502
[     287ms] [LOG] [DEBUG] No access token available, user not logged in @ http://localhost:3000/static/js/bundle.js:138502
[     287ms] [INFO] [INFO] Initializing authentication @ http://localhost:3000/static/js/bundle.js:138511
[     287ms] [LOG] [DEBUG] Retrieved auth data from localStorage null @ http://localhost:3000/static/js/bundle.js:138502
[     287ms] [LOG] [DEBUG] Access token retrieved: No token found @ http://localhost:3000/static/js/bundle.js:138502
[     287ms] [LOG] [DEBUG] No existing token found @ http://localhost:3000/static/js/bundle.js:138502
[     287ms] [LOG] [DEBUG] Getting current user information @ http://localhost:3000/static/js/bundle.js:138502
[     287ms] [LOG] [DEBUG] Retrieved auth data from localStorage null @ http://localhost:3000/static/js/bundle.js:138502
[     287ms] [LOG] [DEBUG] Access token retrieved: No token found @ http://localhost:3000/static/js/bundle.js:138502
[     287ms] [LOG] [DEBUG] No access token available, user not logged in @ http://localhost:3000/static/js/bundle.js:138502
[     288ms] [LOG] [DEBUG] Starting Request {url: http://localhost:8000/api/cars/36b92588-5dcf-4c75-9c4f-20cb6f980e41, method: get, headers: AxiosHeaders, data: undefined} @ http://localhost:3000/static/js/bundle.js:138502
[     288ms] [LOG] Syncing auth state with Supabase @ http://localhost:3000/static/js/bundle.js:133212
[     288ms] [LOG] [DEBUG] Getting current user information @ http://localhost:3000/static/js/bundle.js:138502
[     288ms] [LOG] [DEBUG] Retrieved auth data from localStorage null @ http://localhost:3000/static/js/bundle.js:138502
[     288ms] [LOG] [DEBUG] Access token retrieved: No token found @ http://localhost:3000/static/js/bundle.js:138502
[     288ms] [LOG] [DEBUG] No access token available, user not logged in @ http://localhost:3000/static/js/bundle.js:138502
[     288ms] [LOG] [DEBUG] Starting Request {url: http://localhost:8000/api/cars/36b92588-5dcf-4c75-9c4f-20cb6f980e41, method: get, headers: AxiosHeaders, data: undefined} @ http://localhost:3000/static/js/bundle.js:138502
[     288ms] [LOG] Syncing auth state with Supabase @ http://localhost:3000/static/js/bundle.js:133212
[     288ms] [LOG] [DEBUG] Getting current user information @ http://localhost:3000/static/js/bundle.js:138502
[     288ms] [LOG] [DEBUG] Retrieved auth data from localStorage null @ http://localhost:3000/static/js/bundle.js:138502
[     288ms] [LOG] [DEBUG] Access token retrieved: No token found @ http://localhost:3000/static/js/bundle.js:138502
[     288ms] [LOG] [DEBUG] No access token available, user not logged in @ http://localhost:3000/static/js/bundle.js:138502
[     293ms] [LOG] Supabase auth state changed: INITIAL_SESSION @ http://localhost:3000/static/js/bundle.js:133416
[     293ms] [LOG] %c[Vercel Web Analytics]%c Debug mode is enabled by default in development. No requests will be sent to the server. color: rgb(120, 120, 120) color: inherit @ https://va.vercel-scripts.com/v1/script.debug.js:0
[     293ms] [LOG] %c[Vercel Web Analytics]%c [view] http://localhost:3000/cars/36b92588-5dcf-4c75-9c4f-20cb6f980e41 color: rgb(120, 120, 120) color: inherit {o: http://localhost:3000/cars/36b92588-5dcf-4c75-9c4f-20cb6f980e41, sv: 0.1.3, sdkn: @vercel/analytics/react, sdkv: 1.5.0, ts: 1775556181210} /_vercel/insights/view @ https://va.vercel-scripts.com/v1/script.debug.js:0
[     294ms] [LOG] Supabase session check result: {hasSession: false, hasUser: false, error: none, accessToken: missing} @ http://localhost:3000/static/js/bundle.js:133242
[     294ms] [LOG] No session or user found in context @ http://localhost:3000/static/js/bundle.js:133330
[     296ms] [LOG] Supabase session check result: {hasSession: false, hasUser: false, error: none, accessToken: missing} @ http://localhost:3000/static/js/bundle.js:133242
[     296ms] [LOG] No session or user found in context @ http://localhost:3000/static/js/bundle.js:133330
[     296ms] [LOG] %c[Vercel Speed Insights]%c Debug mode is enabled by default in development. No requests will be sent to the server. color: rgb(120, 120, 120) color: inherit @ https://va.vercel-scripts.com/v1/speed-insights/script.debug.js:0
[    1407ms] [LOG] [DEBUG] Response: {status: 200, headers: AxiosHeaders, data: Object} @ http://localhost:3000/static/js/bundle.js:138502
[    1407ms] [LOG] [DEBUG] Starting Request {url: http://localhost:8000/api/cars/36b92588-5dcf-4c75-9c4f-20cb6f980e41/view, method: post, headers: AxiosHeaders, data: undefined} @ http://localhost:3000/static/js/bundle.js:138502
[    1907ms] [LOG] [DEBUG] Response: {status: 200, headers: AxiosHeaders, data: Object} @ http://localhost:3000/static/js/bundle.js:138502
[    2451ms] [LOG] [DEBUG] Response: {status: 200, headers: AxiosHeaders, data: Object} @ http://localhost:3000/static/js/bundle.js:138502
[    2451ms] [LOG] [DEBUG] Starting Request {url: http://localhost:8000/api/cars/36b92588-5dcf-4c75-9c4f-20cb6f980e41/view, method: post, headers: AxiosHeaders, data: undefined} @ http://localhost:3000/static/js/bundle.js:138502
[    3176ms] [LOG] [DEBUG] Response: {status: 200, headers: AxiosHeaders, data: Object} @ http://localhost:3000/static/js/bundle.js:138502
[   18998ms] [LOG] [DEBUG] Starting Request {url: http://localhost:8000/api/cars/36b92588-5dcf-4c75-9c4f-20cb6f980e41, method: get, headers: AxiosHeaders, data: undefined} @ http://localhost:3000/static/js/bundle.js:138502
[   20044ms] [LOG] [DEBUG] Response: {status: 200, headers: AxiosHeaders, data: Object} @ http://localhost:3000/static/js/bundle.js:138502
[   20044ms] [LOG] [DEBUG] Starting Request {url: http://localhost:8000/api/cars/36b92588-5dcf-4c75-9c4f-20cb6f980e41/view, method: post, headers: AxiosHeaders, data: undefined} @ http://localhost:3000/static/js/bundle.js:138502
[   20573ms] [LOG] [DEBUG] Response: {status: 200, headers: AxiosHeaders, data: Object} @ http://localhost:3000/static/js/bundle.js:138502
