[      70ms] [LOG] %c[Vercel Speed Insights]%c [vitals] color: rgb(120, 120, 120) color: inherit {speed: 4g, metrics: Array(3), scriptVersion: 0.1.3, sdkName: @vercel/speed-insights/react, sdkVersion: 1.2.0} /_vercel/speed-insights/vitals @ https://va.vercel-scripts.com/v1/speed-insights/script.debug.js:0
[      70ms] [LOG] %c[Vercel Speed Insights]%c [vitals] color: rgb(120, 120, 120) color: inherit {speed: 4g, metrics: Array(1), scriptVersion: 0.1.3, sdkName: @vercel/speed-insights/react, sdkVersion: 1.2.0} /_vercel/speed-insights/vitals @ https://va.vercel-scripts.com/v1/speed-insights/script.debug.js:0
[     222ms] [INFO] %cDownload the React DevTools for a better development experience: https://reactjs.org/link/react-devtools font-weight:bold @ http://localhost:3000/static/js/bundle.js:87281
[     240ms] [INFO] [INFO] Initializing authentication @ http://localhost:3000/static/js/bundle.js:138494
[     241ms] [LOG] [DEBUG] Retrieved auth data from localStorage null @ http://localhost:3000/static/js/bundle.js:138485
[     241ms] [LOG] [DEBUG] Access token retrieved: No token found @ http://localhost:3000/static/js/bundle.js:138485
[     241ms] [LOG] [DEBUG] No existing token found @ http://localhost:3000/static/js/bundle.js:138485
[     243ms] [LOG] CORS check response: 200 @ http://localhost:3000/static/js/bundle.js:136274
[     254ms] [WARNING] ⚠️ React Router Future Flag Warning: React Router will begin wrapping state updates in `React.startTransition` in v7. You can use the `v7_startTransition` future flag to opt-in early. For more information, see https://reactrouter.com/v6/upgrading/future#v7_starttransition. @ http://localhost:3000/static/js/bundle.js:90783
[     254ms] [WARNING] ⚠️ React Router Future Flag Warning: Relative route resolution within Splat routes is changing in v7. You can use the `v7_relativeSplatPath` future flag to opt-in early. For more information, see https://reactrouter.com/v6/upgrading/future#v7_relativesplatpath. @ http://localhost:3000/static/js/bundle.js:90783
[     254ms] [INFO] [INFO] Initializing authentication @ http://localhost:3000/static/js/bundle.js:138494
[     254ms] [LOG] [DEBUG] Retrieved auth data from localStorage null @ http://localhost:3000/static/js/bundle.js:138485
[     254ms] [LOG] [DEBUG] Access token retrieved: No token found @ http://localhost:3000/static/js/bundle.js:138485
[     254ms] [LOG] [DEBUG] No existing token found @ http://localhost:3000/static/js/bundle.js:138485
[     255ms] [LOG] [DEBUG] Getting current user information @ http://localhost:3000/static/js/bundle.js:138485
[     255ms] [LOG] [DEBUG] Retrieved auth data from localStorage null @ http://localhost:3000/static/js/bundle.js:138485
[     255ms] [LOG] [DEBUG] Access token retrieved: No token found @ http://localhost:3000/static/js/bundle.js:138485
[     255ms] [LOG] [DEBUG] No access token available, user not logged in @ http://localhost:3000/static/js/bundle.js:138485
[     255ms] [INFO] [INFO] Initializing authentication @ http://localhost:3000/static/js/bundle.js:138494
[     255ms] [LOG] [DEBUG] Retrieved auth data from localStorage null @ http://localhost:3000/static/js/bundle.js:138485
[     255ms] [LOG] [DEBUG] Access token retrieved: No token found @ http://localhost:3000/static/js/bundle.js:138485
[     255ms] [LOG] [DEBUG] No existing token found @ http://localhost:3000/static/js/bundle.js:138485
[     255ms] [LOG] [DEBUG] Getting current user information @ http://localhost:3000/static/js/bundle.js:138485
[     255ms] [LOG] [DEBUG] Retrieved auth data from localStorage null @ http://localhost:3000/static/js/bundle.js:138485
[     255ms] [LOG] [DEBUG] Access token retrieved: No token found @ http://localhost:3000/static/js/bundle.js:138485
[     255ms] [LOG] [DEBUG] No access token available, user not logged in @ http://localhost:3000/static/js/bundle.js:138485
[     255ms] [LOG] [DEBUG] Starting Request {url: http://localhost:8000/api/cars/36b92588-5dcf-4c75-9c4f-20cb6f980e41, method: get, headers: AxiosHeaders, data: undefined} @ http://localhost:3000/static/js/bundle.js:138485
[     255ms] [LOG] Syncing auth state with Supabase @ http://localhost:3000/static/js/bundle.js:133195
[     255ms] [LOG] [DEBUG] Getting current user information @ http://localhost:3000/static/js/bundle.js:138485
[     255ms] [LOG] [DEBUG] Retrieved auth data from localStorage null @ http://localhost:3000/static/js/bundle.js:138485
[     255ms] [LOG] [DEBUG] Access token retrieved: No token found @ http://localhost:3000/static/js/bundle.js:138485
[     255ms] [LOG] [DEBUG] No access token available, user not logged in @ http://localhost:3000/static/js/bundle.js:138485
[     255ms] [LOG] [DEBUG] Starting Request {url: http://localhost:8000/api/cars/36b92588-5dcf-4c75-9c4f-20cb6f980e41, method: get, headers: AxiosHeaders, data: undefined} @ http://localhost:3000/static/js/bundle.js:138485
[     255ms] [LOG] Syncing auth state with Supabase @ http://localhost:3000/static/js/bundle.js:133195
[     255ms] [LOG] [DEBUG] Getting current user information @ http://localhost:3000/static/js/bundle.js:138485
[     255ms] [LOG] [DEBUG] Retrieved auth data from localStorage null @ http://localhost:3000/static/js/bundle.js:138485
[     255ms] [LOG] [DEBUG] Access token retrieved: No token found @ http://localhost:3000/static/js/bundle.js:138485
[     255ms] [LOG] [DEBUG] No access token available, user not logged in @ http://localhost:3000/static/js/bundle.js:138485
[     260ms] [LOG] %c[Vercel Web Analytics]%c Debug mode is enabled by default in development. No requests will be sent to the server. color: rgb(120, 120, 120) color: inherit @ https://va.vercel-scripts.com/v1/script.debug.js:0
[     260ms] [LOG] %c[Vercel Web Analytics]%c [view] http://localhost:3000/cars/36b92588-5dcf-4c75-9c4f-20cb6f980e41 color: rgb(120, 120, 120) color: inherit {o: http://localhost:3000/cars/36b92588-5dcf-4c75-9c4f-20cb6f980e41, sv: 0.1.3, sdkn: @vercel/analytics/react, sdkv: 1.5.0, ts: 1775556112623} /_vercel/insights/view @ https://va.vercel-scripts.com/v1/script.debug.js:0
[     260ms] [LOG] Supabase auth state changed: INITIAL_SESSION @ http://localhost:3000/static/js/bundle.js:133399
[     260ms] [LOG] %c[Vercel Speed Insights]%c Debug mode is enabled by default in development. No requests will be sent to the server. color: rgb(120, 120, 120) color: inherit @ https://va.vercel-scripts.com/v1/speed-insights/script.debug.js:0
[     260ms] [LOG] Supabase session check result: {hasSession: false, hasUser: false, error: none, accessToken: missing} @ http://localhost:3000/static/js/bundle.js:133225
[     260ms] [LOG] No session or user found in context @ http://localhost:3000/static/js/bundle.js:133313
[     262ms] [LOG] Supabase session check result: {hasSession: false, hasUser: false, error: none, accessToken: missing} @ http://localhost:3000/static/js/bundle.js:133225
[     262ms] [LOG] No session or user found in context @ http://localhost:3000/static/js/bundle.js:133313
[    1565ms] [LOG] [DEBUG] Response: {status: 200, headers: AxiosHeaders, data: Object} @ http://localhost:3000/static/js/bundle.js:138485
[    1565ms] [LOG] [DEBUG] Starting Request {url: http://localhost:8000/api/cars/36b92588-5dcf-4c75-9c4f-20cb6f980e41/view, method: post, headers: AxiosHeaders, data: undefined} @ http://localhost:3000/static/js/bundle.js:138485
[    1994ms] [LOG] [DEBUG] Response: {status: 200, headers: AxiosHeaders, data: Object} @ http://localhost:3000/static/js/bundle.js:138485
[    2622ms] [LOG] [DEBUG] Response: {status: 200, headers: AxiosHeaders, data: Object} @ http://localhost:3000/static/js/bundle.js:138485
[    2622ms] [LOG] [DEBUG] Starting Request {url: http://localhost:8000/api/cars/36b92588-5dcf-4c75-9c4f-20cb6f980e41/view, method: post, headers: AxiosHeaders, data: undefined} @ http://localhost:3000/static/js/bundle.js:138485
[    3133ms] [LOG] [DEBUG] Response: {status: 200, headers: AxiosHeaders, data: Object} @ http://localhost:3000/static/js/bundle.js:138485
[   42715ms] [LOG] [DEBUG] Starting Request {url: http://localhost:8000/api/cars/36b92588-5dcf-4c75-9c4f-20cb6f980e41, method: get, headers: AxiosHeaders, data: undefined} @ http://localhost:3000/static/js/bundle.js:138485
[   43798ms] [LOG] [DEBUG] Response: {status: 200, headers: AxiosHeaders, data: Object} @ http://localhost:3000/static/js/bundle.js:138485
[   43798ms] [LOG] [DEBUG] Starting Request {url: http://localhost:8000/api/cars/36b92588-5dcf-4c75-9c4f-20cb6f980e41/view, method: post, headers: AxiosHeaders, data: undefined} @ http://localhost:3000/static/js/bundle.js:138485
[   44312ms] [LOG] [DEBUG] Response: {status: 200, headers: AxiosHeaders, data: Object} @ http://localhost:3000/static/js/bundle.js:138485
