INFO:__main__:SUPABASE_URL: https://ltjatsyhpmvewancqdjw.supabase.co
INFO:__main__:SUPABASE_KEY exists: True
INFO:__main__:SUPABASE_JWT_SECRET exists: True
INFO:__main__:Checking if required tables exist
INFO:__main__:Starting Flask application on port 8000
DEBUG: Value of SUPABASE_SERVICE_ROLE_KEY from os.getenv is: eyJhbGciOiJIUzI1NiIsInR5cCI6IkpXVCJ9.eyJpc3MiOiJzdXBhYmFzZSIsInJlZiI6Imx0amF0c3locG12ZXdhbmNxZGp3Iiwicm9sZSI6InNlcnZpY2Vfcm9sZSIsImlhdCI6MTc0MjMyMDEwNCwiZXhwIjoyMDU3ODk2MTA0fQ.H0cVUIG4uCvGAcUZ_CH2auyuEyDrjuhU5kCx66TIBz4
 * Serving Flask app 'app' (lazy loading)
 * Environment: production
   WARNING: This is a development server. Do not use it in a production deployment.
   Use a production WSGI server instead.
 * Debug mode: on
DEBUG:urllib3.connectionpool:Starting new HTTPS connection (1): ltjatsyhpmvewancqdjw.supabase.co:443
Traceback (most recent call last):
  File "/Users/suhayl/Downloads/Flask-React-superbase-classified/flask-react-supabase-app/backend/app.py", line 2872, in <module>
    app.run(debug=True, host='0.0.0.0', port=8000) 
    ^^^^^^^^^^^^^^^^^^^^^^^^^^^^^^^^^^^^^^^^^^^^^^
  File "/Users/suhayl/Downloads/Flask-React-superbase-classified/flask-react-supabase-app/backend/venv/lib/python3.12/site-packages/flask/app.py", line 922, in run
    run_simple(t.cast(str, host), port, self, **options)
  File "/Users/suhayl/Downloads/Flask-React-superbase-classified/flask-react-supabase-app/backend/venv/lib/python3.12/site-packages/werkzeug/serving.py", line 982, in run_simple
    s.bind(server_address)
OSError: [Errno 48] Address already in use
DEBUG:urllib3.connectionpool:https://ltjatsyhpmvewancqdjw.supabase.co:443 "GET /rest/v1/users?limit=1 HTTP/1.1" 200 None
INFO:__main__:Users table already exists
